# Bake Begins!
### (1 of 6) Copy sources
$ cp -a /home/travis/build/fontdirectory/amaranth/METADATA.json /home/travis/build/fontdirectory/amaranth/builds/build
$ cp -a /home/travis/build/fontdirectory/amaranth/DESCRIPTION.en_us.html /home/travis/build/fontdirectory/amaranth/builds/build
$ cp -a /home/travis/build/fontdirectory/amaranth/FONTLOG.txt /home/travis/build/fontdirectory/amaranth/builds/build
$ cp -a src/Amaranth-Regular.ufo src/Amaranth-Italic.ufo src/Amaranth-BoldItalic.ufo src/Amaranth-Bold.ufo Amaranth-Regular.ttf.ttx Amaranth-Italic.ttf.ttx Amaranth-BoldItalic.ttf.ttx Amaranth-Bold.ttf.ttx src/Amaranth-Regular.otf.ttx src/Amaranth-Regular-hinting_source.ttf.ttx src/Amaranth-Italic.otf.ttx src/Amaranth-Italic-hinting_source.ttf.ttx src/Amaranth-BoldItalic.otf.ttx src/Amaranth-BoldItalic-hinting_source.ttf.ttx src/Amaranth-Bold.otf.ttx src/Amaranth-Bold-hinting_source.ttf.ttx src/Amaranth-Regular.otf.ttx src/Amaranth-Regular.otf._p_o_s_t.ttx src/Amaranth-Regular.otf._n_a_m_e.ttx src/Amaranth-Regular.otf._m_a_x_p.ttx src/Amaranth-Regular.otf._k_e_r_n.ttx src/Amaranth-Regular.otf._h_m_t_x.ttx src/Amaranth-Regular.otf._h_h_e_a.ttx src/Amaranth-Regular.otf._h_e_a_d.ttx src/Amaranth-Regular.otf._c_m_a_p.ttx src/Amaranth-Regular.otf.O_S_2f_2.ttx src/Amaranth-Regular.otf.GlyphOrder.ttx src/Amaranth-Regular.otf.G_P_O_S_.ttx src/Amaranth-Regular.otf.C_F_F_.ttx src/Amaranth-Italic.otf.ttx src/Amaranth-Italic.otf._p_o_s_t.ttx src/Amaranth-Italic.otf._n_a_m_e.ttx src/Amaranth-Italic.otf._m_a_x_p.ttx src/Amaranth-Italic.otf._k_e_r_n.ttx src/Amaranth-Italic.otf._h_m_t_x.ttx src/Amaranth-Italic.otf._h_h_e_a.ttx src/Amaranth-Italic.otf._h_e_a_d.ttx src/Amaranth-Italic.otf._c_m_a_p.ttx src/Amaranth-Italic.otf.O_S_2f_2.ttx src/Amaranth-Italic.otf.GlyphOrder.ttx src/Amaranth-Italic.otf.G_P_O_S_.ttx src/Amaranth-Italic.otf.C_F_F_.ttx src/Amaranth-BoldItalic.otf.ttx src/Amaranth-BoldItalic.otf._p_o_s_t.ttx src/Amaranth-BoldItalic.otf._n_a_m_e.ttx src/Amaranth-BoldItalic.otf._m_a_x_p.ttx src/Amaranth-BoldItalic.otf._k_e_r_n.ttx src/Amaranth-BoldItalic.otf._h_m_t_x.ttx src/Amaranth-BoldItalic.otf._h_h_e_a.ttx src/Amaranth-BoldItalic.otf._h_e_a_d.ttx src/Amaranth-BoldItalic.otf._c_m_a_p.ttx src/Amaranth-BoldItalic.otf.O_S_2f_2.ttx src/Amaranth-BoldItalic.otf.GlyphOrder.ttx src/Amaranth-BoldItalic.otf.G_P_O_S_.ttx src/Amaranth-BoldItalic.otf.C_F_F_.ttx src/Amaranth-Bold.otf.ttx src/Amaranth-Bold.otf._p_o_s_t.ttx src/Amaranth-Bold.otf._n_a_m_e.ttx src/Amaranth-Bold.otf._m_a_x_p.ttx src/Amaranth-Bold.otf._k_e_r_n.ttx src/Amaranth-Bold.otf._h_m_t_x.ttx src/Amaranth-Bold.otf._h_h_e_a.ttx src/Amaranth-Bold.otf._h_e_a_d.ttx src/Amaranth-Bold.otf._c_m_a_p.ttx src/Amaranth-Bold.otf.O_S_2f_2.ttx src/Amaranth-Bold.otf.GlyphOrder.ttx src/Amaranth-Bold.otf.G_P_O_S_.ttx src/Amaranth-Bold.otf.C_F_F_.ttx Amaranth-Regular.ttf._p_r_e_p.ttx Amaranth-Regular.ttf._p_o_s_t.ttx Amaranth-Regular.ttf._n_a_m_e.ttx Amaranth-Regular.ttf._m_a_x_p.ttx Amaranth-Regular.ttf._l_o_c_a.ttx Amaranth-Regular.ttf._k_e_r_n.ttx Amaranth-Regular.ttf._h_m_t_x.ttx Amaranth-Regular.ttf._h_h_e_a.ttx Amaranth-Regular.ttf._h_e_a_d.ttx Amaranth-Regular.ttf._h_d_m_x.ttx Amaranth-Regular.ttf._g_l_y_f.ttx Amaranth-Regular.ttf._g_a_s_p.ttx Amaranth-Regular.ttf._f_p_g_m.ttx Amaranth-Regular.ttf._c_v_t.ttx Amaranth-Regular.ttf._c_m_a_p.ttx Amaranth-Regular.ttf.V_D_M_X_.ttx Amaranth-Regular.ttf.O_S_2f_2.ttx Amaranth-Regular.ttf.L_T_S_H_.ttx Amaranth-Regular.ttf.GlyphOrder.ttx Amaranth-Regular.ttf.G_P_O_S_.ttx Amaranth-Italic.ttf._p_r_e_p.ttx Amaranth-Italic.ttf._p_o_s_t.ttx Amaranth-Italic.ttf._n_a_m_e.ttx Amaranth-Italic.ttf._m_a_x_p.ttx Amaranth-Italic.ttf._l_o_c_a.ttx Amaranth-Italic.ttf._k_e_r_n.ttx Amaranth-Italic.ttf._h_m_t_x.ttx Amaranth-Italic.ttf._h_h_e_a.ttx Amaranth-Italic.ttf._h_e_a_d.ttx Amaranth-Italic.ttf._h_d_m_x.ttx Amaranth-Italic.ttf._g_l_y_f.ttx Amaranth-Italic.ttf._g_a_s_p.ttx Amaranth-Italic.ttf._f_p_g_m.ttx Amaranth-Italic.ttf._c_v_t.ttx Amaranth-Italic.ttf._c_m_a_p.ttx Amaranth-Italic.ttf.V_D_M_X_.ttx Amaranth-Italic.ttf.O_S_2f_2.ttx Amaranth-Italic.ttf.L_T_S_H_.ttx Amaranth-Italic.ttf.GlyphOrder.ttx Amaranth-Italic.ttf.G_P_O_S_.ttx Amaranth-BoldItalic.ttf._p_r_e_p.ttx Amaranth-BoldItalic.ttf._p_o_s_t.ttx Amaranth-BoldItalic.ttf._n_a_m_e.ttx Amaranth-BoldItalic.ttf._m_a_x_p.ttx Amaranth-BoldItalic.ttf._l_o_c_a.ttx Amaranth-BoldItalic.ttf._k_e_r_n.ttx Amaranth-BoldItalic.ttf._h_m_t_x.ttx Amaranth-BoldItalic.ttf._h_h_e_a.ttx Amaranth-BoldItalic.ttf._h_e_a_d.ttx Amaranth-BoldItalic.ttf._h_d_m_x.ttx Amaranth-BoldItalic.ttf._g_l_y_f.ttx Amaranth-BoldItalic.ttf._g_a_s_p.ttx Amaranth-BoldItalic.ttf._f_p_g_m.ttx Amaranth-BoldItalic.ttf._c_v_t.ttx Amaranth-BoldItalic.ttf._c_m_a_p.ttx Amaranth-BoldItalic.ttf.V_D_M_X_.ttx Amaranth-BoldItalic.ttf.O_S_2f_2.ttx Amaranth-BoldItalic.ttf.L_T_S_H_.ttx Amaranth-BoldItalic.ttf.GlyphOrder.ttx Amaranth-BoldItalic.ttf.G_P_O_S_.ttx Amaranth-Bold.ttf._p_r_e_p.ttx Amaranth-Bold.ttf._p_o_s_t.ttx Amaranth-Bold.ttf._n_a_m_e.ttx Amaranth-Bold.ttf._m_a_x_p.ttx Amaranth-Bold.ttf._l_o_c_a.ttx Amaranth-Bold.ttf._k_e_r_n.ttx Amaranth-Bold.ttf._h_m_t_x.ttx Amaranth-Bold.ttf._h_h_e_a.ttx Amaranth-Bold.ttf._h_e_a_d.ttx Amaranth-Bold.ttf._h_d_m_x.ttx Amaranth-Bold.ttf._g_l_y_f.ttx Amaranth-Bold.ttf._g_a_s_p.ttx Amaranth-Bold.ttf._f_p_g_m.ttx Amaranth-Bold.ttf._c_v_t.ttx Amaranth-Bold.ttf._c_m_a_p.ttx Amaranth-Bold.ttf.V_D_M_X_.ttx Amaranth-Bold.ttf.O_S_2f_2.ttx Amaranth-Bold.ttf.L_T_S_H_.ttx Amaranth-Bold.ttf.GlyphOrder.ttx Amaranth-Bold.ttf.G_P_O_S_.ttx src/Amaranth-Regular.otf._p_o_s_t.ttx src/Amaranth-Regular.otf._n_a_m_e.ttx src/Amaranth-Regular.otf._m_a_x_p.ttx src/Amaranth-Regular.otf._k_e_r_n.ttx src/Amaranth-Regular.otf._h_m_t_x.ttx src/Amaranth-Regular.otf._h_h_e_a.ttx src/Amaranth-Regular.otf._h_e_a_d.ttx src/Amaranth-Regular.otf._c_m_a_p.ttx src/Amaranth-Regular.otf.O_S_2f_2.ttx src/Amaranth-Regular.otf.GlyphOrder.ttx src/Amaranth-Regular.otf.G_P_O_S_.ttx src/Amaranth-Regular.otf.C_F_F_.ttx src/Amaranth-Regular-hinting_source.ttf._p_r_e_p.ttx src/Amaranth-Regular-hinting_source.ttf._p_o_s_t.ttx src/Amaranth-Regular-hinting_source.ttf._n_a_m_e.ttx src/Amaranth-Regular-hinting_source.ttf._m_a_x_p.ttx src/Amaranth-Regular-hinting_source.ttf._l_o_c_a.ttx src/Amaranth-Regular-hinting_source.ttf._k_e_r_n.ttx src/Amaranth-Regular-hinting_source.ttf._h_m_t_x.ttx src/Amaranth-Regular-hinting_source.ttf._h_h_e_a.ttx src/Amaranth-Regular-hinting_source.ttf._h_e_a_d.ttx src/Amaranth-Regular-hinting_source.ttf._h_d_m_x.ttx src/Amaranth-Regular-hinting_source.ttf._g_l_y_f.ttx src/Amaranth-Regular-hinting_source.ttf._g_a_s_p.ttx src/Amaranth-Regular-hinting_source.ttf._f_p_g_m.ttx src/Amaranth-Regular-hinting_source.ttf._c_v_t.ttx src/Amaranth-Regular-hinting_source.ttf._c_m_a_p.ttx src/Amaranth-Regular-hinting_source.ttf.V_D_M_X_.ttx src/Amaranth-Regular-hinting_source.ttf.T_S_I__5.ttx src/Amaranth-Regular-hinting_source.ttf.T_S_I__3.ttx src/Amaranth-Regular-hinting_source.ttf.T_S_I__2.ttx src/Amaranth-Regular-hinting_source.ttf.T_S_I__1.ttx src/Amaranth-Regular-hinting_source.ttf.T_S_I__0.ttx src/Amaranth-Regular-hinting_source.ttf.O_S_2f_2.ttx src/Amaranth-Regular-hinting_source.ttf.L_T_S_H_.ttx src/Amaranth-Regular-hinting_source.ttf.GlyphOrder.ttx src/Amaranth-Regular-hinting_source.ttf.G_P_O_S_.ttx src/Amaranth-Italic.otf._p_o_s_t.ttx src/Amaranth-Italic.otf._n_a_m_e.ttx src/Amaranth-Italic.otf._m_a_x_p.ttx src/Amaranth-Italic.otf._k_e_r_n.ttx src/Amaranth-Italic.otf._h_m_t_x.ttx src/Amaranth-Italic.otf._h_h_e_a.ttx src/Amaranth-Italic.otf._h_e_a_d.ttx src/Amaranth-Italic.otf._c_m_a_p.ttx src/Amaranth-Italic.otf.O_S_2f_2.ttx src/Amaranth-Italic.otf.GlyphOrder.ttx src/Amaranth-Italic.otf.G_P_O_S_.ttx src/Amaranth-Italic.otf.C_F_F_.ttx src/Amaranth-Italic-hinting_source.ttf._p_r_e_p.ttx src/Amaranth-Italic-hinting_source.ttf._p_o_s_t.ttx src/Amaranth-Italic-hinting_source.ttf._n_a_m_e.ttx src/Amaranth-Italic-hinting_source.ttf._m_a_x_p.ttx src/Amaranth-Italic-hinting_source.ttf._l_o_c_a.ttx src/Amaranth-Italic-hinting_source.ttf._k_e_r_n.ttx src/Amaranth-Italic-hinting_source.ttf._h_m_t_x.ttx src/Amaranth-Italic-hinting_source.ttf._h_h_e_a.ttx src/Amaranth-Italic-hinting_source.ttf._h_e_a_d.ttx src/Amaranth-Italic-hinting_source.ttf._h_d_m_x.ttx src/Amaranth-Italic-hinting_source.ttf._g_l_y_f.ttx src/Amaranth-Italic-hinting_source.ttf._g_a_s_p.ttx src/Amaranth-Italic-hinting_source.ttf._f_p_g_m.ttx src/Amaranth-Italic-hinting_source.ttf._c_v_t.ttx src/Amaranth-Italic-hinting_source.ttf._c_m_a_p.ttx src/Amaranth-Italic-hinting_source.ttf.V_D_M_X_.ttx src/Amaranth-Italic-hinting_source.ttf.T_S_I__5.ttx src/Amaranth-Italic-hinting_source.ttf.T_S_I__3.ttx src/Amaranth-Italic-hinting_source.ttf.T_S_I__2.ttx src/Amaranth-Italic-hinting_source.ttf.T_S_I__1.ttx src/Amaranth-Italic-hinting_source.ttf.T_S_I__0.ttx src/Amaranth-Italic-hinting_source.ttf.O_S_2f_2.ttx src/Amaranth-Italic-hinting_source.ttf.L_T_S_H_.ttx src/Amaranth-Italic-hinting_source.ttf.GlyphOrder.ttx src/Amaranth-Italic-hinting_source.ttf.G_P_O_S_.ttx src/Amaranth-BoldItalic.otf._p_o_s_t.ttx src/Amaranth-BoldItalic.otf._n_a_m_e.ttx src/Amaranth-BoldItalic.otf._m_a_x_p.ttx src/Amaranth-BoldItalic.otf._k_e_r_n.ttx src/Amaranth-BoldItalic.otf._h_m_t_x.ttx src/Amaranth-BoldItalic.otf._h_h_e_a.ttx src/Amaranth-BoldItalic.otf._h_e_a_d.ttx src/Amaranth-BoldItalic.otf._c_m_a_p.ttx src/Amaranth-BoldItalic.otf.O_S_2f_2.ttx src/Amaranth-BoldItalic.otf.GlyphOrder.ttx src/Amaranth-BoldItalic.otf.G_P_O_S_.ttx src/Amaranth-BoldItalic.otf.C_F_F_.ttx src/Amaranth-BoldItalic-hinting_source.ttf._p_r_e_p.ttx src/Amaranth-BoldItalic-hinting_source.ttf._p_o_s_t.ttx src/Amaranth-BoldItalic-hinting_source.ttf._n_a_m_e.ttx src/Amaranth-BoldItalic-hinting_source.ttf._m_a_x_p.ttx src/Amaranth-BoldItalic-hinting_source.ttf._l_o_c_a.ttx src/Amaranth-BoldItalic-hinting_source.ttf._k_e_r_n.ttx src/Amaranth-BoldItalic-hinting_source.ttf._h_m_t_x.ttx src/Amaranth-BoldItalic-hinting_source.ttf._h_h_e_a.ttx src/Amaranth-BoldItalic-hinting_source.ttf._h_e_a_d.ttx src/Amaranth-BoldItalic-hinting_source.ttf._h_d_m_x.ttx src/Amaranth-BoldItalic-hinting_source.ttf._g_l_y_f.ttx src/Amaranth-BoldItalic-hinting_source.ttf._g_a_s_p.ttx src/Amaranth-BoldItalic-hinting_source.ttf._f_p_g_m.ttx src/Amaranth-BoldItalic-hinting_source.ttf._c_v_t.ttx src/Amaranth-BoldItalic-hinting_source.ttf._c_m_a_p.ttx src/Amaranth-BoldItalic-hinting_source.ttf.V_D_M_X_.ttx src/Amaranth-BoldItalic-hinting_source.ttf.T_S_I__5.ttx src/Amaranth-BoldItalic-hinting_source.ttf.T_S_I__3.ttx src/Amaranth-BoldItalic-hinting_source.ttf.T_S_I__2.ttx src/Amaranth-BoldItalic-hinting_source.ttf.T_S_I__1.ttx src/Amaranth-BoldItalic-hinting_source.ttf.T_S_I__0.ttx src/Amaranth-BoldItalic-hinting_source.ttf.O_S_2f_2.ttx src/Amaranth-BoldItalic-hinting_source.ttf.L_T_S_H_.ttx src/Amaranth-BoldItalic-hinting_source.ttf.GlyphOrder.ttx src/Amaranth-BoldItalic-hinting_source.ttf.G_P_O_S_.ttx src/Amaranth-Bold.otf._p_o_s_t.ttx src/Amaranth-Bold.otf._n_a_m_e.ttx src/Amaranth-Bold.otf._m_a_x_p.ttx src/Amaranth-Bold.otf._k_e_r_n.ttx src/Amaranth-Bold.otf._h_m_t_x.ttx src/Amaranth-Bold.otf._h_h_e_a.ttx src/Amaranth-Bold.otf._h_e_a_d.ttx src/Amaranth-Bold.otf._c_m_a_p.ttx src/Amaranth-Bold.otf.O_S_2f_2.ttx src/Amaranth-Bold.otf.GlyphOrder.ttx src/Amaranth-Bold.otf.G_P_O_S_.ttx src/Amaranth-Bold.otf.C_F_F_.ttx src/Amaranth-Bold-hinting_source.ttf._p_r_e_p.ttx src/Amaranth-Bold-hinting_source.ttf._p_o_s_t.ttx src/Amaranth-Bold-hinting_source.ttf._n_a_m_e.ttx src/Amaranth-Bold-hinting_source.ttf._m_a_x_p.ttx src/Amaranth-Bold-hinting_source.ttf._l_o_c_a.ttx src/Amaranth-Bold-hinting_source.ttf._k_e_r_n.ttx src/Amaranth-Bold-hinting_source.ttf._h_m_t_x.ttx src/Amaranth-Bold-hinting_source.ttf._h_h_e_a.ttx src/Amaranth-Bold-hinting_source.ttf._h_e_a_d.ttx src/Amaranth-Bold-hinting_source.ttf._h_d_m_x.ttx src/Amaranth-Bold-hinting_source.ttf._g_l_y_f.ttx src/Amaranth-Bold-hinting_source.ttf._g_a_s_p.ttx src/Amaranth-Bold-hinting_source.ttf._f_p_g_m.ttx src/Amaranth-Bold-hinting_source.ttf._c_v_t.ttx src/Amaranth-Bold-hinting_source.ttf._c_m_a_p.ttx src/Amaranth-Bold-hinting_source.ttf.V_D_M_X_.ttx src/Amaranth-Bold-hinting_source.ttf.T_S_I__5.ttx src/Amaranth-Bold-hinting_source.ttf.T_S_I__3.ttx src/Amaranth-Bold-hinting_source.ttf.T_S_I__2.ttx src/Amaranth-Bold-hinting_source.ttf.T_S_I__1.ttx src/Amaranth-Bold-hinting_source.ttf.T_S_I__0.ttx src/Amaranth-Bold-hinting_source.ttf.O_S_2f_2.ttx src/Amaranth-Bold-hinting_source.ttf.L_T_S_H_.ttx src/Amaranth-Bold-hinting_source.ttf.GlyphOrder.ttx src/Amaranth-Bold-hinting_source.ttf.G_P_O_S_.ttx /home/travis/build/fontdirectory/amaranth/builds/build/sources
### (2 of 6) pyfontaine
### (3 of 6) Run upstream tests
$ fontbakery-check.py upstream-repo sources
$ fontaine --collections subsets --text /home/travis/build/fontdirectory/amaranth/builds/build/sources/Amaranth-Bold.ufo /home/travis/build/fontdirectory/amaranth/builds/build/sources/Amaranth-BoldItalic.ufo /home/travis/build/fontdirectory/amaranth/builds/build/sources/Amaranth-Italic.ufo /home/travis/build/fontdirectory/amaranth/builds/build/sources/Amaranth-Regular.ufo /home/travis/build/fontdirectory/amaranth/builds/build/sources/Amaranth-Bold.otf.ttx /home/travis/build/fontdirectory/amaranth/builds/build/sources/Amaranth-BoldItalic.otf.ttx /home/travis/build/fontdirectory/amaranth/builds/build/sources/Amaranth-Italic.otf.ttx /home/travis/build/fontdirectory/amaranth/builds/build/sources/Amaranth-Regular.otf.ttx /home/travis/build/fontdirectory/amaranth/builds/build/sources/Amaranth-Bold-hinting_source.ttf.ttx /home/travis/build/fontdirectory/amaranth/builds/build/sources/Amaranth-BoldItalic-hinting_source.ttf.ttx /home/travis/build/fontdirectory/amaranth/builds/build/sources/Amaranth-Italic-hinting_source.ttf.ttx /home/travis/build/fontdirectory/amaranth/builds/build/sources/Amaranth-Regular-hinting_source.ttf.ttx /home/travis/build/fontdirectory/amaranth/builds/build/sources/Amaranth-Bold.ttf.ttx /home/travis/build/fontdirectory/amaranth/builds/build/sources/Amaranth-BoldItalic.ttf.ttx /home/travis/build/fontdirectory/amaranth/builds/build/sources/Amaranth-Italic.ttf.ttx /home/travis/build/fontdirectory/amaranth/builds/build/sources/Amaranth-Regular.ttf.ttx > fontaine.txt
WARNING: Please install [PyICU](https://pypi.python.org/pypi/PyICU) toenable [feature], perhaps with: pip install pyicu
bakery_lint.tests.upstream.test_prepolation.FontTestPrepolation.test_font_prepolation_glyph_contours(): FAIL
bakery_lint.tests.upstream.test_prepolation.FontTestPrepolation.test_font_prepolation_glyph_points(): FAIL
end of pyfontaine process
bakery_lint.tests.upstream.test_prepolation.FontTestPrepolation.test_font_test_prepolation_glyph_names(): OK
bakery_lint.tests.upstream.test_diacritic.TestDiacritic.test_diacritic_made_as_component(): OK
bakery_lint.tests.upstream.test_diacritic.TestDiacritic.test_diacritic_made_as_mark_to_mark(): OK
bakery_lint.tests.upstream.test_diacritic.TestDiacritic.test_diacritic_made_as_own_glyphs(): OK
bakery_lint.tests.upstream.test_check_upstream_sources.ProjectUpstreamTestCase.test_bakery_yaml_exists(): OK
bakery_lint.tests.upstream.test_check_upstream_sources.ProjectUpstreamTestCase.test_copyright_notices_same_across_family(): OK
bakery_lint.tests.upstream.test_check_upstream_sources.ProjectUpstreamTestCase.test_description_html_exists(): OK
bakery_lint.tests.upstream.test_check_upstream_sources.ProjectUpstreamTestCase.test_fontlog_txt_exists(): OK
bakery_lint.tests.upstream.test_check_upstream_sources.ProjectUpstreamTestCase.test_metadata_json_exists(): OK
$ fontbakery-check.py upstream Amaranth-Bold.ufo
bakery_lint.tests.upstream.test_unicode_value_should_appear_only_once_per_font.UnicodeValueShouldAppearOnlyOnce.testUnicodeValue(): FAIL
bakery_lint.tests.upstream.test_font_filename_eq_familystyle.TestTTFSourceFontFileNameEqualsFamilyStyle.test_source_ttf_font_filename_equals_familystyle(): ERROR
bakery_lint.tests.upstream.test_contour_count.TestContourCount.test_contour_count(): ERROR
bakery_lint.tests.upstream.test_check_ufo_requirements.UfoOpenTest.test_has_rupee(): ERROR
bakery_lint.tests.upstream.test_check_ufo_requirements.UfoOpenTest.test_is_A(): OK
bakery_lint.tests.upstream.test_check_ufo_requirements.UfoOpenTest.test_is_A_a_glyph_instance(): OK
bakery_lint.tests.upstream.test_check_ufo_requirements.UfoOpenTest.test_is_ended_ufo(): OK
bakery_lint.tests.upstream.test_check_ufo_requirements.UfoOpenTest.test_is_folder(): OK
bakery_lint.tests.upstream.test_check_ufo_requirements.UfoOpenTest.test_is_fsType_eq_1(): FAIL
bakery_lint.tests.upstream.test_check_ufo_requirements.UfoOpenTest.test_it_exists(): OK
bakery_lint.tests.upstream.test_check_ufo_fontfamily_recommendations.TestUFOFontFamilyNamingTest.test_familyname_less_than_32_chars(): OK
bakery_lint.tests.upstream.test_check_ufo_fontfamily_recommendations.TestUFOFontFamilyNamingTest.test_fullfontname_less_than_64_chars(): OK
bakery_lint.tests.upstream.test_check_ufo_fontfamily_recommendations.TestUFOFontFamilyNamingTest.test_postscriptname_consistof_allowed_chars(): OK
bakery_lint.tests.upstream.test_check_ufo_fontfamily_recommendations.TestUFOFontFamilyNamingTest.test_postscriptname_less_than_30_chars(): OK
bakery_lint.tests.upstream.test_check_ufo_fontfamily_recommendations.TestUFOFontFamilyNamingTest.test_stylename_less_than_32_chars(): OK
bakery_lint.tests.upstream.test_check_ufo_fontfamily_recommendations.TestUFOFontFamilyNamingTest.test_weight_value_range_between_250_and_900(): OK
$ fontbakery-check.py upstream Amaranth-BoldItalic.ufo
bakery_lint.tests.upstream.test_unicode_value_should_appear_only_once_per_font.UnicodeValueShouldAppearOnlyOnce.testUnicodeValue(): FAIL
bakery_lint.tests.upstream.test_font_filename_eq_familystyle.TestTTFSourceFontFileNameEqualsFamilyStyle.test_source_ttf_font_filename_equals_familystyle(): ERROR
bakery_lint.tests.upstream.test_contour_count.TestContourCount.test_contour_count(): ERROR
bakery_lint.tests.upstream.test_check_ufo_requirements.UfoOpenTest.test_has_rupee(): ERROR
bakery_lint.tests.upstream.test_check_ufo_requirements.UfoOpenTest.test_is_A(): OK
bakery_lint.tests.upstream.test_check_ufo_requirements.UfoOpenTest.test_is_A_a_glyph_instance(): OK
bakery_lint.tests.upstream.test_check_ufo_requirements.UfoOpenTest.test_is_ended_ufo(): OK
bakery_lint.tests.upstream.test_check_ufo_requirements.UfoOpenTest.test_is_folder(): OK
bakery_lint.tests.upstream.test_check_ufo_requirements.UfoOpenTest.test_is_fsType_eq_1(): FAIL
bakery_lint.tests.upstream.test_check_ufo_requirements.UfoOpenTest.test_it_exists(): OK
bakery_lint.tests.upstream.test_check_ufo_fontfamily_recommendations.TestUFOFontFamilyNamingTest.test_familyname_less_than_32_chars(): OK
bakery_lint.tests.upstream.test_check_ufo_fontfamily_recommendations.TestUFOFontFamilyNamingTest.test_fullfontname_less_than_64_chars(): OK
bakery_lint.tests.upstream.test_check_ufo_fontfamily_recommendations.TestUFOFontFamilyNamingTest.test_postscriptname_consistof_allowed_chars(): OK
bakery_lint.tests.upstream.test_check_ufo_fontfamily_recommendations.TestUFOFontFamilyNamingTest.test_postscriptname_less_than_30_chars(): OK
bakery_lint.tests.upstream.test_check_ufo_fontfamily_recommendations.TestUFOFontFamilyNamingTest.test_stylename_less_than_32_chars(): OK
bakery_lint.tests.upstream.test_check_ufo_fontfamily_recommendations.TestUFOFontFamilyNamingTest.test_weight_value_range_between_250_and_900(): OK
$ fontbakery-check.py upstream Amaranth-Italic.ufo
bakery_lint.tests.upstream.test_unicode_value_should_appear_only_once_per_font.UnicodeValueShouldAppearOnlyOnce.testUnicodeValue(): FAIL
bakery_lint.tests.upstream.test_font_filename_eq_familystyle.TestTTFSourceFontFileNameEqualsFamilyStyle.test_source_ttf_font_filename_equals_familystyle(): ERROR
bakery_lint.tests.upstream.test_contour_count.TestContourCount.test_contour_count(): ERROR
bakery_lint.tests.upstream.test_check_ufo_requirements.UfoOpenTest.test_has_rupee(): ERROR
bakery_lint.tests.upstream.test_check_ufo_requirements.UfoOpenTest.test_is_A(): OK
bakery_lint.tests.upstream.test_check_ufo_requirements.UfoOpenTest.test_is_A_a_glyph_instance(): OK
bakery_lint.tests.upstream.test_check_ufo_requirements.UfoOpenTest.test_is_ended_ufo(): OK
bakery_lint.tests.upstream.test_check_ufo_requirements.UfoOpenTest.test_is_folder(): OK
bakery_lint.tests.upstream.test_check_ufo_requirements.UfoOpenTest.test_is_fsType_eq_1(): FAIL
bakery_lint.tests.upstream.test_check_ufo_requirements.UfoOpenTest.test_it_exists(): OK
bakery_lint.tests.upstream.test_check_ufo_fontfamily_recommendations.TestUFOFontFamilyNamingTest.test_familyname_less_than_32_chars(): OK
bakery_lint.tests.upstream.test_check_ufo_fontfamily_recommendations.TestUFOFontFamilyNamingTest.test_fullfontname_less_than_64_chars(): OK
bakery_lint.tests.upstream.test_check_ufo_fontfamily_recommendations.TestUFOFontFamilyNamingTest.test_postscriptname_consistof_allowed_chars(): OK
bakery_lint.tests.upstream.test_check_ufo_fontfamily_recommendations.TestUFOFontFamilyNamingTest.test_postscriptname_less_than_30_chars(): OK
bakery_lint.tests.upstream.test_check_ufo_fontfamily_recommendations.TestUFOFontFamilyNamingTest.test_stylename_less_than_32_chars(): OK
bakery_lint.tests.upstream.test_check_ufo_fontfamily_recommendations.TestUFOFontFamilyNamingTest.test_weight_value_range_between_250_and_900(): OK
$ fontbakery-check.py upstream Amaranth-Regular.ufo
bakery_lint.tests.upstream.test_unicode_value_should_appear_only_once_per_font.UnicodeValueShouldAppearOnlyOnce.testUnicodeValue(): FAIL
bakery_lint.tests.upstream.test_font_filename_eq_familystyle.TestTTFSourceFontFileNameEqualsFamilyStyle.test_source_ttf_font_filename_equals_familystyle(): ERROR
bakery_lint.tests.upstream.test_contour_count.TestContourCount.test_contour_count(): ERROR
bakery_lint.tests.upstream.test_check_ufo_requirements.UfoOpenTest.test_has_rupee(): ERROR
bakery_lint.tests.upstream.test_check_ufo_requirements.UfoOpenTest.test_is_A(): OK
bakery_lint.tests.upstream.test_check_ufo_requirements.UfoOpenTest.test_is_A_a_glyph_instance(): OK
bakery_lint.tests.upstream.test_check_ufo_requirements.UfoOpenTest.test_is_ended_ufo(): OK
bakery_lint.tests.upstream.test_check_ufo_requirements.UfoOpenTest.test_is_folder(): OK
bakery_lint.tests.upstream.test_check_ufo_requirements.UfoOpenTest.test_is_fsType_eq_1(): FAIL
bakery_lint.tests.upstream.test_check_ufo_requirements.UfoOpenTest.test_it_exists(): OK
bakery_lint.tests.upstream.test_check_ufo_fontfamily_recommendations.TestUFOFontFamilyNamingTest.test_familyname_less_than_32_chars(): OK
bakery_lint.tests.upstream.test_check_ufo_fontfamily_recommendations.TestUFOFontFamilyNamingTest.test_fullfontname_less_than_64_chars(): OK
bakery_lint.tests.upstream.test_check_ufo_fontfamily_recommendations.TestUFOFontFamilyNamingTest.test_postscriptname_consistof_allowed_chars(): OK
bakery_lint.tests.upstream.test_check_ufo_fontfamily_recommendations.TestUFOFontFamilyNamingTest.test_postscriptname_less_than_30_chars(): OK
bakery_lint.tests.upstream.test_check_ufo_fontfamily_recommendations.TestUFOFontFamilyNamingTest.test_stylename_less_than_32_chars(): OK
bakery_lint.tests.upstream.test_check_ufo_fontfamily_recommendations.TestUFOFontFamilyNamingTest.test_weight_value_range_between_250_and_900(): OK
$ fontbakery-check.py upstream-ttx Amaranth-Bold.otf.ttx
bakery_lint.tests.upstream.test_glyphname_does_not_contain_disallowed_chars.TestGlyphNameDoesNotContainsDisallowedChars.test_glyphname_does_not_contain_disallowed_chars(): OK
bakery_lint.tests.upstream.test_font_filename_eq_familystyle.TestTTFSourceFontFileNameEqualsFamilyStyle.test_source_ttf_font_filename_equals_familystyle(): FAIL
$ mv /home/travis/build/fontdirectory/amaranth/builds/build/sources/Amaranth-Bold.otf.ttx /home/travis/build/fontdirectory/amaranth/builds/build/sources/Amaranth-Bold.ttx
bakery_lint.tests.upstream.test_font_filename_eq_familystyle.TestTTFSourceFontFileNameEqualsFamilyStyle.test_source_ttf_font_filename_equals_familystyle(): OK
bakery_lint.tests.upstream.test_check_ttx_requirements.SourceTTXTest.test_epar_in_keys(): FAIL
bakery_lint.tests.upstream.test_check_ttx_requirements.SourceTTXTest.test_os2_in_keys(): OK
bakery_lint.tests.upstream.test_check_ttx_requirements.SourceTTXTest.test_ttx_doesnt_contain_duplicate_glyphs(): OK
bakery_lint.tests.upstream.test_check_ttx_fontfamily_recommendations.TTX_FontFamilyNamingTest.test_ttx_family_naming_recommendation(): OK
$ fontbakery-check.py upstream-ttx Amaranth-BoldItalic.otf.ttx
bakery_lint.tests.upstream.test_glyphname_does_not_contain_disallowed_chars.TestGlyphNameDoesNotContainsDisallowedChars.test_glyphname_does_not_contain_disallowed_chars(): OK
bakery_lint.tests.upstream.test_font_filename_eq_familystyle.TestTTFSourceFontFileNameEqualsFamilyStyle.test_source_ttf_font_filename_equals_familystyle(): FAIL
$ mv /home/travis/build/fontdirectory/amaranth/builds/build/sources/Amaranth-BoldItalic.otf.ttx /home/travis/build/fontdirectory/amaranth/builds/build/sources/Amaranth-BoldItalic.ttx
bakery_lint.tests.upstream.test_font_filename_eq_familystyle.TestTTFSourceFontFileNameEqualsFamilyStyle.test_source_ttf_font_filename_equals_familystyle(): OK
bakery_lint.tests.upstream.test_check_ttx_requirements.SourceTTXTest.test_epar_in_keys(): FAIL
bakery_lint.tests.upstream.test_check_ttx_requirements.SourceTTXTest.test_os2_in_keys(): OK
bakery_lint.tests.upstream.test_check_ttx_requirements.SourceTTXTest.test_ttx_doesnt_contain_duplicate_glyphs(): OK
bakery_lint.tests.upstream.test_check_ttx_fontfamily_recommendations.TTX_FontFamilyNamingTest.test_ttx_family_naming_recommendation(): OK
$ fontbakery-check.py upstream-ttx Amaranth-Italic.otf.ttx
bakery_lint.tests.upstream.test_glyphname_does_not_contain_disallowed_chars.TestGlyphNameDoesNotContainsDisallowedChars.test_glyphname_does_not_contain_disallowed_chars(): OK
bakery_lint.tests.upstream.test_font_filename_eq_familystyle.TestTTFSourceFontFileNameEqualsFamilyStyle.test_source_ttf_font_filename_equals_familystyle(): FAIL
$ mv /home/travis/build/fontdirectory/amaranth/builds/build/sources/Amaranth-Italic.otf.ttx /home/travis/build/fontdirectory/amaranth/builds/build/sources/Amaranth-Italic.ttx
bakery_lint.tests.upstream.test_font_filename_eq_familystyle.TestTTFSourceFontFileNameEqualsFamilyStyle.test_source_ttf_font_filename_equals_familystyle(): OK
bakery_lint.tests.upstream.test_check_ttx_requirements.SourceTTXTest.test_epar_in_keys(): FAIL
bakery_lint.tests.upstream.test_check_ttx_requirements.SourceTTXTest.test_os2_in_keys(): OK
bakery_lint.tests.upstream.test_check_ttx_requirements.SourceTTXTest.test_ttx_doesnt_contain_duplicate_glyphs(): OK
bakery_lint.tests.upstream.test_check_ttx_fontfamily_recommendations.TTX_FontFamilyNamingTest.test_ttx_family_naming_recommendation(): OK
$ fontbakery-check.py upstream-ttx Amaranth-Regular.otf.ttx
bakery_lint.tests.upstream.test_glyphname_does_not_contain_disallowed_chars.TestGlyphNameDoesNotContainsDisallowedChars.test_glyphname_does_not_contain_disallowed_chars(): OK
bakery_lint.tests.upstream.test_font_filename_eq_familystyle.TestTTFSourceFontFileNameEqualsFamilyStyle.test_source_ttf_font_filename_equals_familystyle(): FAIL
$ mv /home/travis/build/fontdirectory/amaranth/builds/build/sources/Amaranth-Regular.otf.ttx /home/travis/build/fontdirectory/amaranth/builds/build/sources/Amaranth-Regular.ttx
bakery_lint.tests.upstream.test_font_filename_eq_familystyle.TestTTFSourceFontFileNameEqualsFamilyStyle.test_source_ttf_font_filename_equals_familystyle(): OK
bakery_lint.tests.upstream.test_check_ttx_requirements.SourceTTXTest.test_epar_in_keys(): FAIL
bakery_lint.tests.upstream.test_check_ttx_requirements.SourceTTXTest.test_os2_in_keys(): OK
bakery_lint.tests.upstream.test_check_ttx_requirements.SourceTTXTest.test_ttx_doesnt_contain_duplicate_glyphs(): OK
bakery_lint.tests.upstream.test_check_ttx_fontfamily_recommendations.TTX_FontFamilyNamingTest.test_ttx_family_naming_recommendation(): OK
$ fontbakery-check.py upstream-ttx Amaranth-Bold-hinting_source.ttf.ttx
bakery_lint.tests.upstream.test_glyphname_does_not_contain_disallowed_chars.TestGlyphNameDoesNotContainsDisallowedChars.test_glyphname_does_not_contain_disallowed_chars(): FAIL
bakery_lint.tests.upstream.test_font_filename_eq_familystyle.TestTTFSourceFontFileNameEqualsFamilyStyle.test_source_ttf_font_filename_equals_familystyle(): FAIL
$ mv /home/travis/build/fontdirectory/amaranth/builds/build/sources/Amaranth-Bold-hinting_source.ttf.ttx /home/travis/build/fontdirectory/amaranth/builds/build/sources/Amaranth-Bold.ttx
bakery_lint.tests.upstream.test_font_filename_eq_familystyle.TestTTFSourceFontFileNameEqualsFamilyStyle.test_source_ttf_font_filename_equals_familystyle(): OK
bakery_lint.tests.upstream.test_check_ttx_requirements.SourceTTXTest.test_epar_in_keys(): FAIL
bakery_lint.tests.upstream.test_check_ttx_requirements.SourceTTXTest.test_os2_in_keys(): OK
bakery_lint.tests.upstream.test_check_ttx_requirements.SourceTTXTest.test_ttx_doesnt_contain_duplicate_glyphs(): OK
bakery_lint.tests.upstream.test_check_ttx_fontfamily_recommendations.TTX_FontFamilyNamingTest.test_ttx_family_naming_recommendation(): OK
$ fontbakery-check.py upstream-ttx Amaranth-BoldItalic-hinting_source.ttf.ttx
bakery_lint.tests.upstream.test_glyphname_does_not_contain_disallowed_chars.TestGlyphNameDoesNotContainsDisallowedChars.test_glyphname_does_not_contain_disallowed_chars(): FAIL
bakery_lint.tests.upstream.test_font_filename_eq_familystyle.TestTTFSourceFontFileNameEqualsFamilyStyle.test_source_ttf_font_filename_equals_familystyle(): FAIL
$ mv /home/travis/build/fontdirectory/amaranth/builds/build/sources/Amaranth-BoldItalic-hinting_source.ttf.ttx /home/travis/build/fontdirectory/amaranth/builds/build/sources/Amaranth-BoldItalic.ttx
bakery_lint.tests.upstream.test_font_filename_eq_familystyle.TestTTFSourceFontFileNameEqualsFamilyStyle.test_source_ttf_font_filename_equals_familystyle(): OK
bakery_lint.tests.upstream.test_check_ttx_requirements.SourceTTXTest.test_epar_in_keys(): FAIL
bakery_lint.tests.upstream.test_check_ttx_requirements.SourceTTXTest.test_os2_in_keys(): OK
bakery_lint.tests.upstream.test_check_ttx_requirements.SourceTTXTest.test_ttx_doesnt_contain_duplicate_glyphs(): OK
bakery_lint.tests.upstream.test_check_ttx_fontfamily_recommendations.TTX_FontFamilyNamingTest.test_ttx_family_naming_recommendation(): OK
$ fontbakery-check.py upstream-ttx Amaranth-Italic-hinting_source.ttf.ttx
bakery_lint.tests.upstream.test_glyphname_does_not_contain_disallowed_chars.TestGlyphNameDoesNotContainsDisallowedChars.test_glyphname_does_not_contain_disallowed_chars(): FAIL
bakery_lint.tests.upstream.test_font_filename_eq_familystyle.TestTTFSourceFontFileNameEqualsFamilyStyle.test_source_ttf_font_filename_equals_familystyle(): FAIL
$ mv /home/travis/build/fontdirectory/amaranth/builds/build/sources/Amaranth-Italic-hinting_source.ttf.ttx /home/travis/build/fontdirectory/amaranth/builds/build/sources/Amaranth-Italic.ttx
bakery_lint.tests.upstream.test_font_filename_eq_familystyle.TestTTFSourceFontFileNameEqualsFamilyStyle.test_source_ttf_font_filename_equals_familystyle(): OK
bakery_lint.tests.upstream.test_check_ttx_requirements.SourceTTXTest.test_epar_in_keys(): FAIL
bakery_lint.tests.upstream.test_check_ttx_requirements.SourceTTXTest.test_os2_in_keys(): OK
bakery_lint.tests.upstream.test_check_ttx_requirements.SourceTTXTest.test_ttx_doesnt_contain_duplicate_glyphs(): OK
bakery_lint.tests.upstream.test_check_ttx_fontfamily_recommendations.TTX_FontFamilyNamingTest.test_ttx_family_naming_recommendation(): OK
$ fontbakery-check.py upstream-ttx Amaranth-Regular-hinting_source.ttf.ttx
bakery_lint.tests.upstream.test_glyphname_does_not_contain_disallowed_chars.TestGlyphNameDoesNotContainsDisallowedChars.test_glyphname_does_not_contain_disallowed_chars(): FAIL
bakery_lint.tests.upstream.test_font_filename_eq_familystyle.TestTTFSourceFontFileNameEqualsFamilyStyle.test_source_ttf_font_filename_equals_familystyle(): FAIL
$ mv /home/travis/build/fontdirectory/amaranth/builds/build/sources/Amaranth-Regular-hinting_source.ttf.ttx /home/travis/build/fontdirectory/amaranth/builds/build/sources/Amaranth-Regular.ttx
bakery_lint.tests.upstream.test_font_filename_eq_familystyle.TestTTFSourceFontFileNameEqualsFamilyStyle.test_source_ttf_font_filename_equals_familystyle(): OK
bakery_lint.tests.upstream.test_check_ttx_requirements.SourceTTXTest.test_epar_in_keys(): FAIL
bakery_lint.tests.upstream.test_check_ttx_requirements.SourceTTXTest.test_os2_in_keys(): OK
bakery_lint.tests.upstream.test_check_ttx_requirements.SourceTTXTest.test_ttx_doesnt_contain_duplicate_glyphs(): OK
bakery_lint.tests.upstream.test_check_ttx_fontfamily_recommendations.TTX_FontFamilyNamingTest.test_ttx_family_naming_recommendation(): OK
$ fontbakery-check.py upstream-ttx Amaranth-Bold.ttf.ttx
bakery_lint.tests.upstream.test_glyphname_does_not_contain_disallowed_chars.TestGlyphNameDoesNotContainsDisallowedChars.test_glyphname_does_not_contain_disallowed_chars(): FAIL
bakery_lint.tests.upstream.test_font_filename_eq_familystyle.TestTTFSourceFontFileNameEqualsFamilyStyle.test_source_ttf_font_filename_equals_familystyle(): FAIL
$ mv /home/travis/build/fontdirectory/amaranth/builds/build/sources/Amaranth-Bold.ttf.ttx /home/travis/build/fontdirectory/amaranth/builds/build/sources/Amaranth-Bold.ttx
bakery_lint.tests.upstream.test_font_filename_eq_familystyle.TestTTFSourceFontFileNameEqualsFamilyStyle.test_source_ttf_font_filename_equals_familystyle(): OK
bakery_lint.tests.upstream.test_check_ttx_requirements.SourceTTXTest.test_epar_in_keys(): FAIL
bakery_lint.tests.upstream.test_check_ttx_requirements.SourceTTXTest.test_os2_in_keys(): OK
bakery_lint.tests.upstream.test_check_ttx_requirements.SourceTTXTest.test_ttx_doesnt_contain_duplicate_glyphs(): OK
bakery_lint.tests.upstream.test_check_ttx_fontfamily_recommendations.TTX_FontFamilyNamingTest.test_ttx_family_naming_recommendation(): OK
$ fontbakery-check.py upstream-ttx Amaranth-BoldItalic.ttf.ttx
bakery_lint.tests.upstream.test_glyphname_does_not_contain_disallowed_chars.TestGlyphNameDoesNotContainsDisallowedChars.test_glyphname_does_not_contain_disallowed_chars(): FAIL
bakery_lint.tests.upstream.test_font_filename_eq_familystyle.TestTTFSourceFontFileNameEqualsFamilyStyle.test_source_ttf_font_filename_equals_familystyle(): FAIL
$ mv /home/travis/build/fontdirectory/amaranth/builds/build/sources/Amaranth-BoldItalic.ttf.ttx /home/travis/build/fontdirectory/amaranth/builds/build/sources/Amaranth-BoldItalic.ttx
bakery_lint.tests.upstream.test_font_filename_eq_familystyle.TestTTFSourceFontFileNameEqualsFamilyStyle.test_source_ttf_font_filename_equals_familystyle(): OK
bakery_lint.tests.upstream.test_check_ttx_requirements.SourceTTXTest.test_epar_in_keys(): FAIL
bakery_lint.tests.upstream.test_check_ttx_requirements.SourceTTXTest.test_os2_in_keys(): OK
bakery_lint.tests.upstream.test_check_ttx_requirements.SourceTTXTest.test_ttx_doesnt_contain_duplicate_glyphs(): OK
bakery_lint.tests.upstream.test_check_ttx_fontfamily_recommendations.TTX_FontFamilyNamingTest.test_ttx_family_naming_recommendation(): OK
$ fontbakery-check.py upstream-ttx Amaranth-Italic.ttf.ttx
bakery_lint.tests.upstream.test_glyphname_does_not_contain_disallowed_chars.TestGlyphNameDoesNotContainsDisallowedChars.test_glyphname_does_not_contain_disallowed_chars(): FAIL
bakery_lint.tests.upstream.test_font_filename_eq_familystyle.TestTTFSourceFontFileNameEqualsFamilyStyle.test_source_ttf_font_filename_equals_familystyle(): FAIL
$ mv /home/travis/build/fontdirectory/amaranth/builds/build/sources/Amaranth-Italic.ttf.ttx /home/travis/build/fontdirectory/amaranth/builds/build/sources/Amaranth-Italic.ttx
bakery_lint.tests.upstream.test_font_filename_eq_familystyle.TestTTFSourceFontFileNameEqualsFamilyStyle.test_source_ttf_font_filename_equals_familystyle(): OK
bakery_lint.tests.upstream.test_check_ttx_requirements.SourceTTXTest.test_epar_in_keys(): FAIL
bakery_lint.tests.upstream.test_check_ttx_requirements.SourceTTXTest.test_os2_in_keys(): OK
bakery_lint.tests.upstream.test_check_ttx_requirements.SourceTTXTest.test_ttx_doesnt_contain_duplicate_glyphs(): OK
bakery_lint.tests.upstream.test_check_ttx_fontfamily_recommendations.TTX_FontFamilyNamingTest.test_ttx_family_naming_recommendation(): OK
$ fontbakery-check.py upstream-ttx Amaranth-Regular.ttf.ttx
bakery_lint.tests.upstream.test_glyphname_does_not_contain_disallowed_chars.TestGlyphNameDoesNotContainsDisallowedChars.test_glyphname_does_not_contain_disallowed_chars(): FAIL
bakery_lint.tests.upstream.test_font_filename_eq_familystyle.TestTTFSourceFontFileNameEqualsFamilyStyle.test_source_ttf_font_filename_equals_familystyle(): FAIL
$ mv /home/travis/build/fontdirectory/amaranth/builds/build/sources/Amaranth-Regular.ttf.ttx /home/travis/build/fontdirectory/amaranth/builds/build/sources/Amaranth-Regular.ttx
bakery_lint.tests.upstream.test_font_filename_eq_familystyle.TestTTFSourceFontFileNameEqualsFamilyStyle.test_source_ttf_font_filename_equals_familystyle(): OK
bakery_lint.tests.upstream.test_check_ttx_requirements.SourceTTXTest.test_epar_in_keys(): FAIL
bakery_lint.tests.upstream.test_check_ttx_requirements.SourceTTXTest.test_os2_in_keys(): OK
bakery_lint.tests.upstream.test_check_ttx_requirements.SourceTTXTest.test_ttx_doesnt_contain_duplicate_glyphs(): OK
bakery_lint.tests.upstream.test_check_ttx_fontfamily_recommendations.TTX_FontFamilyNamingTest.test_ttx_family_naming_recommendation(): OK
### (4 of 6) Convert sources to TTF
$ ttx -d /home/travis/build/fontdirectory/amaranth/builds/build /home/travis/build/fontdirectory/amaranth/builds/build/sources/Amaranth-Regular.ttx /home/travis/build/fontdirectory/amaranth/builds/build/sources/Amaranth-Italic.ttx /home/travis/build/fontdirectory/amaranth/builds/build/sources/Amaranth-BoldItalic.ttx /home/travis/build/fontdirectory/amaranth/builds/build/sources/Amaranth-Bold.ttx
strippedname:/home/travis/build/fontdirectory/amaranth/builds/build/sources/Amaranth-Bold.ufo
strippedname:/home/travis/build/fontdirectory/amaranth/builds/build/sources/Amaranth-BoldItalic.ufo
strippedname:/home/travis/build/fontdirectory/amaranth/builds/build/sources/Amaranth-Italic.ufo
strippedname:/home/travis/build/fontdirectory/amaranth/builds/build/sources/Amaranth-Regular.ufo
Compiling "/home/travis/build/fontdirectory/amaranth/builds/build/sources/Amaranth-Regular.ttx" to "/home/travis/build/fontdirectory/amaranth/builds/build/Amaranth-Regular.ttf"...
Parsing 'GlyphOrder' table...
Parsing 'head' table...
Parsing 'hhea' table...
Parsing 'maxp' table...
Parsing 'OS/2' table...
Parsing 'hmtx' table...
Parsing 'LTSH' table...
Parsing 'VDMX' table...
Parsing 'hdmx' table...
Parsing 'cmap' table...
Parsing 'fpgm' table...
Parsing 'prep' table...
Parsing 'cvt ' table...
Parsing 'loca' table...
Parsing 'glyf' table...
Parsing 'kern' table...
Parsing 'name' table...
Parsing 'post' table...
Parsing 'gasp' table...
Parsing 'GPOS' table...
Compiling "/home/travis/build/fontdirectory/amaranth/builds/build/sources/Amaranth-Italic.ttx" to "/home/travis/build/fontdirectory/amaranth/builds/build/Amaranth-Italic.ttf"...
Parsing 'GlyphOrder' table...
Parsing 'head' table...
Parsing 'hhea' table...
Parsing 'maxp' table...
Parsing 'OS/2' table...
Parsing 'hmtx' table...
Parsing 'LTSH' table...
Parsing 'VDMX' table...
Parsing 'hdmx' table...
Parsing 'cmap' table...
Parsing 'fpgm' table...
Parsing 'prep' table...
Parsing 'cvt ' table...
Parsing 'loca' table...
Parsing 'glyf' table...
Parsing 'kern' table...
Parsing 'name' table...
Parsing 'post' table...
Parsing 'gasp' table...
Parsing 'GPOS' table...
Compiling "/home/travis/build/fontdirectory/amaranth/builds/build/sources/Amaranth-BoldItalic.ttx" to "/home/travis/build/fontdirectory/amaranth/builds/build/Amaranth-BoldItalic.ttf"...
Parsing 'GlyphOrder' table...
Parsing 'head' table...
Parsing 'hhea' table...
Parsing 'maxp' table...
Parsing 'OS/2' table...
Parsing 'hmtx' table...
Parsing 'LTSH' table...
Parsing 'VDMX' table...
Parsing 'hdmx' table...
Parsing 'cmap' table...
Parsing 'fpgm' table...
Parsing 'prep' table...
Parsing 'cvt ' table...
Parsing 'loca' table...
Parsing 'glyf' table...
Parsing 'kern' table...
Parsing 'name' table...
Parsing 'post' table...
Parsing 'gasp' table...
Parsing 'GPOS' table...
Compiling "/home/travis/build/fontdirectory/amaranth/builds/build/sources/Amaranth-Bold.ttx" to "/home/travis/build/fontdirectory/amaranth/builds/build/Amaranth-Bold.ttf"...
Parsing 'GlyphOrder' table...
Parsing 'head' table...
Parsing 'hhea' table...
Parsing 'maxp' table...
Parsing 'OS/2' table...
Parsing 'hmtx' table...
Parsing 'LTSH' table...
Parsing 'VDMX' table...
Parsing 'hdmx' table...
Parsing 'cmap' table...
Parsing 'fpgm' table...
Parsing 'prep' table...
Parsing 'cvt ' table...
Parsing 'loca' table...
Parsing 'glyf' table...
Parsing 'kern' table...
Parsing 'name' table...
Parsing 'post' table...
Parsing 'gasp' table...
Parsing 'GPOS' table...
### Test Amaranth-Regular.ttf
$ fontbakery-check.py result Amaranth-Regular.ttf
bakery_lint.tests.downstream.test_names_are_ascii_only.CheckNamesAreASCIIOnly.test_check_names_are_ascii_only(): OK
bakery_lint.tests.downstream.test_gpos_table_has_kerning_info.CheckGposTableHasKerningInfo.test_gpos_table_has_kerning_info(): OK
bakery_lint.tests.downstream.test_gasp_table_value.CheckGaspTableType.test_check_gasp_table_type(): FAIL
$ fontbakery-fix-gasp.py --set=15 /home/travis/build/fontdirectory/amaranth/builds/build/Amaranth-Regular.ttf
$ mv /home/travis/build/fontdirectory/amaranth/builds/build/Amaranth-Regular.ttf.fix /home/travis/build/fontdirectory/amaranth/builds/build/Amaranth-Regular.ttf
bakery_lint.tests.downstream.test_gasp_table_value.CheckGaspTableType.test_check_gasp_table_type(): OK
$ fontbakery-fix-gasp.py --set=15 /home/travis/build/fontdirectory/amaranth/builds/build/Amaranth-Regular.ttf
$ mv /home/travis/build/fontdirectory/amaranth/builds/build/Amaranth-Regular.ttf.fix /home/travis/build/fontdirectory/amaranth/builds/build/Amaranth-Regular.ttf
The following table(s) in the font have been ignored by FontForge
  Ignoring 'LTSH' linear threshold table
  Ignoring 'VDMX' vertical device metrics table
  Ignoring 'hdmx' horizontal device metrics table
This font contains both a 'kern' table and a 'GPOS' table.
  The 'kern' table will only be read if there is no 'kern' feature in 'GPOS'.
bakery_lint.tests.downstream.test_fontforge_validation_state.FontForgeValidateStateTest.test_allowed_numbers_paths_in_composite_glyphs(): OK
bakery_lint.tests.downstream.test_fontforge_validation_state.FontForgeValidateStateTest.test_allowed_numbers_paths_in_glyphs(): OK
bakery_lint.tests.downstream.test_fontforge_validation_state.FontForgeValidateStateTest.test_allowed_numbers_points_in_composite_glyphs(): OK
bakery_lint.tests.downstream.test_fontforge_validation_state.FontForgeValidateStateTest.test_allowed_numbers_points_in_glyphs(): OK
bakery_lint.tests.downstream.test_fontforge_validation_state.FontForgeValidateStateTest.test_duplicate_glyphs(): OK
bakery_lint.tests.downstream.test_fontforge_validation_state.FontForgeValidateStateTest.test_duplicate_unicode_codepoints(): OK
bakery_lint.tests.downstream.test_fontforge_validation_state.FontForgeValidateStateTest.test_flipped_reference_in_glyphs(): OK
bakery_lint.tests.downstream.test_fontforge_validation_state.FontForgeValidateStateTest.test_missing_anchors(): OK
bakery_lint.tests.downstream.test_fontforge_validation_state.FontForgeValidateStateTest.test_missing_extrema_in_glyphs(): FAIL
bakery_lint.tests.downstream.test_fontforge_validation_state.FontForgeValidateStateTest.test_overlapped_hints(): OK
bakery_lint.tests.downstream.test_fontforge_validation_state.FontForgeValidateStateTest.test_points_are_integer_aligned(): OK
bakery_lint.tests.downstream.test_fontforge_validation_state.FontForgeValidateStateTest.test_points_are_not_too_far_apart(): OK
bakery_lint.tests.downstream.test_fontforge_validation_state.FontForgeValidateStateTest.test_postscript_hasnt_limit_hints_in_glyphs(): OK
bakery_lint.tests.downstream.test_fontforge_validation_state.FontForgeValidateStateTest.test_postscript_hasnt_limit_points_in_glyphs(): OK
bakery_lint.tests.downstream.test_fontforge_validation_state.FontForgeValidateStateTest.test_referenced_glyphs_are_present(): OK
bakery_lint.tests.downstream.test_fontforge_validation_state.FontForgeValidateStateTest.test_valid_glyph_names(): OK
bakery_lint.tests.downstream.test_fontforge_validation_state.FontForgeValidateStateTest.test_valid_length_instructions(): OK
bakery_lint.tests.downstream.test_fontforge_validation_state.FontForgeValidateStateTest.test_validation_glyph_intersect(): FAIL
bakery_lint.tests.downstream.test_fontforge_validation_state.FontForgeValidateStateTest.test_validation_open_contours(): OK
bakery_lint.tests.downstream.test_fontforge_validation_state.FontForgeValidateStateTest.test_wrong_direction_in_glyphs(): OK
bakery_lint.tests.downstream.test_check_vertical_metrics.CheckVerticalLinegapMetrics.test_metrics_linegaps_are_zero(): OK
bakery_lint.tests.downstream.test_check_vertical_metrics.CheckVerticalAscentMetrics.test_metrics_ascents_equal_bbox(): FAIL
$ fontbakery-fix-vertical-metrics.py --autofix /home/travis/build/fontdirectory/amaranth/builds/build/Amaranth-Regular.ttf /home/travis/build/fontdirectory/amaranth/builds/build/Amaranth-Bold.ttf /home/travis/build/fontdirectory/amaranth/builds/build/Amaranth-BoldItalic.ttf /home/travis/build/fontdirectory/amaranth/builds/build/Amaranth-Italic.ttf
$ mv /home/travis/build/fontdirectory/amaranth/builds/build/Amaranth-Regular.ttf.fix /home/travis/build/fontdirectory/amaranth/builds/build/Amaranth-Regular.ttf
$ mv /home/travis/build/fontdirectory/amaranth/builds/build/Amaranth-Bold.ttf.fix /home/travis/build/fontdirectory/amaranth/builds/build/Amaranth-Bold.ttf
$ mv /home/travis/build/fontdirectory/amaranth/builds/build/Amaranth-BoldItalic.ttf.fix /home/travis/build/fontdirectory/amaranth/builds/build/Amaranth-BoldItalic.ttf
$ mv /home/travis/build/fontdirectory/amaranth/builds/build/Amaranth-Italic.ttf.fix /home/travis/build/fontdirectory/amaranth/builds/build/Amaranth-Italic.ttf
$ fontbakery-fix-vertical-metrics.py /home/travis/build/fontdirectory/amaranth/builds/build/Amaranth-Regular.ttf /home/travis/build/fontdirectory/amaranth/builds/build/Amaranth-Bold.ttf /home/travis/build/fontdirectory/amaranth/builds/build/Amaranth-BoldItalic.ttf /home/travis/build/fontdirectory/amaranth/builds/build/Amaranth-Italic.ttf
Parameter              Amaranth-Regular.ttf    Amaranth-Bold.ttf    Amaranth-BoldItalic.ttf    Amaranth-Italic.ttf    
ymax                   928                     976                  953                        921                    
hhea.ascent            976                     976                  976                        976                    
OS/2.sTypoAscender     976                     976                  976                        976                    
OS/2.usWinAscent       976                     976                  976                        976                    
ymin                   -223                    -236                 -258                       -258                   
hhea.descent           -258                    -258                 -258                       -258                   
OS/2.sTypoDescender    -258                    -258                 -258                       -258                   
OS/2.usWinDescent      258                     258                  258                        258                    
hhea.lineGap           0                       0                    0                          0                      
OS/2.sTypoLineGap      0                       0                    0                          0                      
hhea total             1234                    1234                 1234                       1234                   
typo total             1234                    1234                 1234                       1234                   
win total              1234                    1234                 1234                       1234                   
UPM:Heights            1000:1151               1000:1212            1000:1211                  1000:1179              
UPM:Heights %          115 %                   121 %                121 %                      117 %                  


bakery_lint.tests.downstream.test_check_vertical_metrics.CheckVerticalAscentMetrics.test_metrics_ascents_equal_bbox(): OK
bakery_lint.tests.downstream.test_check_vertical_metrics.CheckVerticalDescentMetrics.test_metrics_descents_equal_bbox(): OK
bakery_lint.tests.downstream.test_check_upm_heights_less_120.TestCheckUPMHeightsLess120.test_check_upm_heigths_less_120(): FAIL
bakery_lint.tests.downstream.test_check_unused_glyph_data.CheckUnusedGlyphData.test_check_unused_glyph_data(): ERROR
bakery_lint.tests.downstream.test_check_unencoded_glyph.TestFontUnencodedGlyph.test_font_unencoded_glyphs(): FAIL
$ fontbakery-fix-glyph-private-encoding.py --autofix /home/travis/build/fontdirectory/amaranth/builds/build/Amaranth-Regular.ttf
$ mv /home/travis/build/fontdirectory/amaranth/builds/build/Amaranth-Regular.ttf.fix /home/travis/build/fontdirectory/amaranth/builds/build/Amaranth-Regular.ttf
bakery_lint.tests.downstream.test_check_unencoded_glyph.TestFontUnencodedGlyph.test_font_unencoded_glyphs(): FAIL
bakery_lint.tests.downstream.test_check_panose_identification.CheckPanoseIdentification.test_check_panose_identification(): OK
bakery_lint.tests.downstream.test_check_os2_width_class.CheckOS2WidthClass.test_check_os2_width_class(): OK
bakery_lint.tests.downstream.test_check_no_problematic_formats.CheckNoProblematicFormats.test_check_no_problematic_formats(): OK
bakery_lint.tests.downstream.test_check_nbsp_width_matches_sp_width.CheckNbspWidthMatchesSpWidth.test_check_nbsp_width_matches_sp_width(): OK
bakery_lint.tests.downstream.test_check_names_same_across_platforms.CheckNamesSameAcrossPlatforms.test_check_names_same_across_platforms(): OK
bakery_lint.tests.downstream.test_check_name_table_recommendation.CheckStyleNameRecommendation.test_check_stylename_is_under_recommendations(): OK
bakery_lint.tests.downstream.test_check_name_table_recommendation.CheckOTFamilyNameRecommendation.test_check_opentype_familyname(): FAIL
$ fontbakery-fix-opentype-names.py /home/travis/build/fontdirectory/amaranth/builds/build/Amaranth-Regular.ttf
$ mv /home/travis/build/fontdirectory/amaranth/builds/build/Amaranth-Regular.ttf.fix /home/travis/build/fontdirectory/amaranth/builds/build/Amaranth-Regular.ttf
bakery_lint.tests.downstream.test_check_name_table_recommendation.CheckOTFamilyNameRecommendation.test_check_opentype_familyname(): OK
bakery_lint.tests.downstream.test_check_name_table_recommendation.CheckOTStyleNameRecommendation.test_check_opentype_stylename(): OK
bakery_lint.tests.downstream.test_check_name_table_recommendation.CheckOTFullNameRecommendation.test_check_opentype_fullname(): OK
bakery_lint.tests.downstream.test_check_magic_prep_code.CheckMagicPREPByteCode.test_prep_magic_code(): FAIL
bakery_lint.tests.downstream.test_check_license_included.CheckLicenseIncluded.test_license_included_in_font_names(): OK
bakery_lint.tests.downstream.test_check_italic_angle_agreement.CheckItalicAngleAgreement.test_check_italic_angle_agreement(): OK
bakery_lint.tests.downstream.test_check_hmtx_hhea_max_advance_width_agreement.CheckHmtxHheaMaxAdvanceWidthAgreement.test_check_hmtx_hhea_max_advance_width_agreement(): OK
bakery_lint.tests.downstream.test_check_glyph_existence.CheckGlyphExistence.test_euro(): OK
bakery_lint.tests.downstream.test_check_glyph_existence.CheckGlyphExistence.test_nbsp(): OK
bakery_lint.tests.downstream.test_check_glyph_existence.CheckGlyphExistence.test_space(): OK
bakery_lint.tests.downstream.test_check_glyf_table_length.CheckGlyfTableLength.test_check_glyf_table_length(): FAIL
bakery_lint.tests.downstream.test_check_full_font_name_begins_with_family_name.CheckFullFontNameBeginsWithFamilyName.test_check_full_font_name_begins_with_family_name(): OK
bakery_lint.tests.downstream.test_check_fontname_matches_macstyle.CheckFontNameEqualToMacStyleFlags.test_fontname_is_equal_to_macstyle(): FAIL
bakery_lint.tests.downstream.test_check_font_tables.CheckFontHasDsigTable.test_check_font_has_dsig_table(): FAIL
$ fontbakery-fix-dsig.py /home/travis/build/fontdirectory/amaranth/builds/build/Amaranth-Regular.ttf
$ mv /home/travis/build/fontdirectory/amaranth/builds/build/Amaranth-Regular.ttf.fix /home/travis/build/fontdirectory/amaranth/builds/build/Amaranth-Regular.ttf
bakery_lint.tests.downstream.test_check_font_tables.CheckFontHasDsigTable.test_check_font_has_dsig_table(): OK
bakery_lint.tests.downstream.test_check_font_tables.CheckFontHasNotKernTable.test_no_kern_table_exists(): OK
bakery_lint.tests.downstream.test_check_font_agreements.CheckFsTypeIsNotSet.test_is_fstype_not_set(): OK
$ fontbakery-fix-fstype.py --autofix /home/travis/build/fontdirectory/amaranth/builds/build/Amaranth-Regular.ttf
$ mv /home/travis/build/fontdirectory/amaranth/builds/build/Amaranth-Regular.ttf.fix /home/travis/build/fontdirectory/amaranth/builds/build/Amaranth-Regular.ttf
bakery_lint.tests.downstream.test_check_font_agreements.CheckFontAgreements.test_em_is_1000(): OK
bakery_lint.tests.downstream.test_check_font_agreements.CheckFontAgreements.test_font_is_font(): OK
bakery_lint.tests.downstream.test_check_font_agreements.CheckFontAgreements.test_latin_file_exists(): FAIL
bakery_lint.tests.downstream.test_check_font_agreements.CheckFontAgreements.test_menu_file_exists(): FAIL
### Optimize TTF Amaranth-Regular.ttf
$ ls -l 'Amaranth-Regular.ttf'* # look at the size savings of that subset process
Amaranth-Regular.ttf.opt: 64504 bytes
Amaranth-Regular.ttf: 76236 bytes
$ mv /home/travis/build/fontdirectory/amaranth/builds/build/Amaranth-Regular.ttf.opt /home/travis/build/fontdirectory/amaranth/builds/build/Amaranth-Regular.ttf
### Autohint TTFs (ttfautohint) Amaranth-Regular.ttf
$ ttfautohint -l 7 -r 28 -G 50 -x 13 -w "G" /home/travis/build/fontdirectory/amaranth/builds/build/Amaranth-Regular.ttf '/home/travis/build/fontdirectory/amaranth/builds/build/Amaranth-Regular.autohint.ttf'

$ ls -l /home/travis/build/fontdirectory/amaranth/builds/build/Amaranth-Regular.*ttf # look at the size savings of that subset process
/home/travis/build/fontdirectory/amaranth/builds/build/Amaranth-Regular.ttf: 64504 bytes
/home/travis/build/fontdirectory/amaranth/builds/build/Amaranth-Regular.autohint.ttf: 58584 bytes
$ mv /home/travis/build/fontdirectory/amaranth/builds/build/Amaranth-Regular.autohint.ttf /home/travis/build/fontdirectory/amaranth/builds/build/Amaranth-Regular.ttf
### Subset TTFs (pyftsubset) Amaranth-Regular.ttf
$ pyftsubset Amaranth-Regular.latin
$ pyftsubset Amaranth-Regular.menu
strippedname:/home/travis/build/fontdirectory/amaranth/builds/build/Amaranth-Regular.ttf
### Test Amaranth-Italic.ttf
$ fontbakery-check.py result Amaranth-Italic.ttf
bakery_lint.tests.downstream.test_names_are_ascii_only.CheckNamesAreASCIIOnly.test_check_names_are_ascii_only(): OK
bakery_lint.tests.downstream.test_gpos_table_has_kerning_info.CheckGposTableHasKerningInfo.test_gpos_table_has_kerning_info(): OK
bakery_lint.tests.downstream.test_gasp_table_value.CheckGaspTableType.test_check_gasp_table_type(): FAIL
$ fontbakery-fix-gasp.py --set=15 /home/travis/build/fontdirectory/amaranth/builds/build/Amaranth-Italic.ttf
$ mv /home/travis/build/fontdirectory/amaranth/builds/build/Amaranth-Italic.ttf.fix /home/travis/build/fontdirectory/amaranth/builds/build/Amaranth-Italic.ttf
bakery_lint.tests.downstream.test_gasp_table_value.CheckGaspTableType.test_check_gasp_table_type(): OK
$ fontbakery-fix-gasp.py --set=15 /home/travis/build/fontdirectory/amaranth/builds/build/Amaranth-Italic.ttf
$ mv /home/travis/build/fontdirectory/amaranth/builds/build/Amaranth-Italic.ttf.fix /home/travis/build/fontdirectory/amaranth/builds/build/Amaranth-Italic.ttf
The following table(s) in the font have been ignored by FontForge
  Ignoring 'LTSH' linear threshold table
  Ignoring 'VDMX' vertical device metrics table
  Ignoring 'hdmx' horizontal device metrics table
This font contains both a 'kern' table and a 'GPOS' table.
  The 'kern' table will only be read if there is no 'kern' feature in 'GPOS'.
bakery_lint.tests.downstream.test_fontforge_validation_state.FontForgeValidateStateTest.test_allowed_numbers_paths_in_composite_glyphs(): OK
bakery_lint.tests.downstream.test_fontforge_validation_state.FontForgeValidateStateTest.test_allowed_numbers_paths_in_glyphs(): OK
bakery_lint.tests.downstream.test_fontforge_validation_state.FontForgeValidateStateTest.test_allowed_numbers_points_in_composite_glyphs(): OK
bakery_lint.tests.downstream.test_fontforge_validation_state.FontForgeValidateStateTest.test_allowed_numbers_points_in_glyphs(): OK
bakery_lint.tests.downstream.test_fontforge_validation_state.FontForgeValidateStateTest.test_duplicate_glyphs(): OK
bakery_lint.tests.downstream.test_fontforge_validation_state.FontForgeValidateStateTest.test_duplicate_unicode_codepoints(): OK
bakery_lint.tests.downstream.test_fontforge_validation_state.FontForgeValidateStateTest.test_flipped_reference_in_glyphs(): OK
bakery_lint.tests.downstream.test_fontforge_validation_state.FontForgeValidateStateTest.test_missing_anchors(): OK
bakery_lint.tests.downstream.test_fontforge_validation_state.FontForgeValidateStateTest.test_missing_extrema_in_glyphs(): FAIL
bakery_lint.tests.downstream.test_fontforge_validation_state.FontForgeValidateStateTest.test_overlapped_hints(): OK
bakery_lint.tests.downstream.test_fontforge_validation_state.FontForgeValidateStateTest.test_points_are_integer_aligned(): OK
bakery_lint.tests.downstream.test_fontforge_validation_state.FontForgeValidateStateTest.test_points_are_not_too_far_apart(): OK
bakery_lint.tests.downstream.test_fontforge_validation_state.FontForgeValidateStateTest.test_postscript_hasnt_limit_hints_in_glyphs(): OK
bakery_lint.tests.downstream.test_fontforge_validation_state.FontForgeValidateStateTest.test_postscript_hasnt_limit_points_in_glyphs(): OK
bakery_lint.tests.downstream.test_fontforge_validation_state.FontForgeValidateStateTest.test_referenced_glyphs_are_present(): OK
bakery_lint.tests.downstream.test_fontforge_validation_state.FontForgeValidateStateTest.test_valid_glyph_names(): OK
bakery_lint.tests.downstream.test_fontforge_validation_state.FontForgeValidateStateTest.test_valid_length_instructions(): OK
bakery_lint.tests.downstream.test_fontforge_validation_state.FontForgeValidateStateTest.test_validation_glyph_intersect(): FAIL
bakery_lint.tests.downstream.test_fontforge_validation_state.FontForgeValidateStateTest.test_validation_open_contours(): OK
bakery_lint.tests.downstream.test_fontforge_validation_state.FontForgeValidateStateTest.test_wrong_direction_in_glyphs(): FAIL
bakery_lint.tests.downstream.test_check_vertical_metrics.CheckVerticalLinegapMetrics.test_metrics_linegaps_are_zero(): OK
bakery_lint.tests.downstream.test_check_vertical_metrics.CheckVerticalAscentMetrics.test_metrics_ascents_equal_bbox(): OK
bakery_lint.tests.downstream.test_check_vertical_metrics.CheckVerticalDescentMetrics.test_metrics_descents_equal_bbox(): OK
bakery_lint.tests.downstream.test_check_upm_heights_less_120.TestCheckUPMHeightsLess120.test_check_upm_heigths_less_120(): FAIL
bakery_lint.tests.downstream.test_check_unused_glyph_data.CheckUnusedGlyphData.test_check_unused_glyph_data(): ERROR
bakery_lint.tests.downstream.test_check_unencoded_glyph.TestFontUnencodedGlyph.test_font_unencoded_glyphs(): FAIL
$ fontbakery-fix-glyph-private-encoding.py --autofix /home/travis/build/fontdirectory/amaranth/builds/build/Amaranth-Italic.ttf
$ mv /home/travis/build/fontdirectory/amaranth/builds/build/Amaranth-Italic.ttf.fix /home/travis/build/fontdirectory/amaranth/builds/build/Amaranth-Italic.ttf
bakery_lint.tests.downstream.test_check_unencoded_glyph.TestFontUnencodedGlyph.test_font_unencoded_glyphs(): FAIL
bakery_lint.tests.downstream.test_check_panose_identification.CheckPanoseIdentification.test_check_panose_identification(): OK
bakery_lint.tests.downstream.test_check_os2_width_class.CheckOS2WidthClass.test_check_os2_width_class(): OK
bakery_lint.tests.downstream.test_check_no_problematic_formats.CheckNoProblematicFormats.test_check_no_problematic_formats(): OK
bakery_lint.tests.downstream.test_check_nbsp_width_matches_sp_width.CheckNbspWidthMatchesSpWidth.test_check_nbsp_width_matches_sp_width(): FAIL
$ fontbakery-fix-nbsp.py /home/travis/build/fontdirectory/amaranth/builds/build/Amaranth-Italic.ttf
$ mv /home/travis/build/fontdirectory/amaranth/builds/build/Amaranth-Italic.ttf.fix /home/travis/build/fontdirectory/amaranth/builds/build/Amaranth-Italic.ttf
bakery_lint.tests.downstream.test_check_nbsp_width_matches_sp_width.CheckNbspWidthMatchesSpWidth.test_check_nbsp_width_matches_sp_width(): OK
bakery_lint.tests.downstream.test_check_names_same_across_platforms.CheckNamesSameAcrossPlatforms.test_check_names_same_across_platforms(): OK
bakery_lint.tests.downstream.test_check_name_table_recommendation.CheckStyleNameRecommendation.test_check_stylename_is_under_recommendations(): OK
bakery_lint.tests.downstream.test_check_name_table_recommendation.CheckOTFamilyNameRecommendation.test_check_opentype_familyname(): FAIL
$ fontbakery-fix-opentype-names.py /home/travis/build/fontdirectory/amaranth/builds/build/Amaranth-Italic.ttf
$ mv /home/travis/build/fontdirectory/amaranth/builds/build/Amaranth-Italic.ttf.fix /home/travis/build/fontdirectory/amaranth/builds/build/Amaranth-Italic.ttf
bakery_lint.tests.downstream.test_check_name_table_recommendation.CheckOTFamilyNameRecommendation.test_check_opentype_familyname(): OK
bakery_lint.tests.downstream.test_check_name_table_recommendation.CheckOTStyleNameRecommendation.test_check_opentype_stylename(): FAIL
$ fontbakery-fix-opentype-names.py /home/travis/build/fontdirectory/amaranth/builds/build/Amaranth-Italic.ttf
$ mv /home/travis/build/fontdirectory/amaranth/builds/build/Amaranth-Italic.ttf.fix /home/travis/build/fontdirectory/amaranth/builds/build/Amaranth-Italic.ttf
bakery_lint.tests.downstream.test_check_name_table_recommendation.CheckOTStyleNameRecommendation.test_check_opentype_stylename(): FAIL
bakery_lint.tests.downstream.test_check_name_table_recommendation.CheckOTFullNameRecommendation.test_check_opentype_fullname(): OK
bakery_lint.tests.downstream.test_check_magic_prep_code.CheckMagicPREPByteCode.test_prep_magic_code(): FAIL
bakery_lint.tests.downstream.test_check_license_included.CheckLicenseIncluded.test_license_included_in_font_names(): OK
bakery_lint.tests.downstream.test_check_italic_angle_agreement.CheckItalicAngleAgreement.test_check_italic_angle_agreement(): OK
bakery_lint.tests.downstream.test_check_hmtx_hhea_max_advance_width_agreement.CheckHmtxHheaMaxAdvanceWidthAgreement.test_check_hmtx_hhea_max_advance_width_agreement(): OK
bakery_lint.tests.downstream.test_check_glyph_existence.CheckGlyphExistence.test_euro(): OK
bakery_lint.tests.downstream.test_check_glyph_existence.CheckGlyphExistence.test_nbsp(): OK
bakery_lint.tests.downstream.test_check_glyph_existence.CheckGlyphExistence.test_space(): OK
bakery_lint.tests.downstream.test_check_glyf_table_length.CheckGlyfTableLength.test_check_glyf_table_length(): FAIL
bakery_lint.tests.downstream.test_check_full_font_name_begins_with_family_name.CheckFullFontNameBeginsWithFamilyName.test_check_full_font_name_begins_with_family_name(): OK
bakery_lint.tests.downstream.test_check_fontname_matches_macstyle.CheckFontNameEqualToMacStyleFlags.test_fontname_is_equal_to_macstyle(): FAIL
bakery_lint.tests.downstream.test_check_font_tables.CheckFontHasDsigTable.test_check_font_has_dsig_table(): FAIL
$ fontbakery-fix-dsig.py /home/travis/build/fontdirectory/amaranth/builds/build/Amaranth-Italic.ttf
$ mv /home/travis/build/fontdirectory/amaranth/builds/build/Amaranth-Italic.ttf.fix /home/travis/build/fontdirectory/amaranth/builds/build/Amaranth-Italic.ttf
bakery_lint.tests.downstream.test_check_font_tables.CheckFontHasDsigTable.test_check_font_has_dsig_table(): OK
bakery_lint.tests.downstream.test_check_font_tables.CheckFontHasNotKernTable.test_no_kern_table_exists(): OK
bakery_lint.tests.downstream.test_check_font_agreements.CheckFsTypeIsNotSet.test_is_fstype_not_set(): OK
$ fontbakery-fix-fstype.py --autofix /home/travis/build/fontdirectory/amaranth/builds/build/Amaranth-Italic.ttf
$ mv /home/travis/build/fontdirectory/amaranth/builds/build/Amaranth-Italic.ttf.fix /home/travis/build/fontdirectory/amaranth/builds/build/Amaranth-Italic.ttf
bakery_lint.tests.downstream.test_check_font_agreements.CheckFontAgreements.test_em_is_1000(): OK
bakery_lint.tests.downstream.test_check_font_agreements.CheckFontAgreements.test_font_is_font(): OK
bakery_lint.tests.downstream.test_check_font_agreements.CheckFontAgreements.test_latin_file_exists(): FAIL
bakery_lint.tests.downstream.test_check_font_agreements.CheckFontAgreements.test_menu_file_exists(): FAIL
### Optimize TTF Amaranth-Italic.ttf
$ ls -l 'Amaranth-Italic.ttf'* # look at the size savings of that subset process
Amaranth-Italic.ttf.opt: 79428 bytes
Amaranth-Italic.ttf: 92844 bytes
$ mv /home/travis/build/fontdirectory/amaranth/builds/build/Amaranth-Italic.ttf.opt /home/travis/build/fontdirectory/amaranth/builds/build/Amaranth-Italic.ttf
### Autohint TTFs (ttfautohint) Amaranth-Italic.ttf
$ ttfautohint -l 7 -r 28 -G 50 -x 13 -w "G" /home/travis/build/fontdirectory/amaranth/builds/build/Amaranth-Italic.ttf '/home/travis/build/fontdirectory/amaranth/builds/build/Amaranth-Italic.autohint.ttf'

$ ls -l /home/travis/build/fontdirectory/amaranth/builds/build/Amaranth-Italic.*ttf # look at the size savings of that subset process
/home/travis/build/fontdirectory/amaranth/builds/build/Amaranth-Italic.ttf: 79428 bytes
/home/travis/build/fontdirectory/amaranth/builds/build/Amaranth-Italic.autohint.ttf: 64092 bytes
$ mv /home/travis/build/fontdirectory/amaranth/builds/build/Amaranth-Italic.autohint.ttf /home/travis/build/fontdirectory/amaranth/builds/build/Amaranth-Italic.ttf
### Subset TTFs (pyftsubset) Amaranth-Italic.ttf
$ pyftsubset Amaranth-Italic.latin
$ pyftsubset Amaranth-Italic.menu
strippedname:/home/travis/build/fontdirectory/amaranth/builds/build/Amaranth-Italic.ttf
spaceWidth is    220
nbspWidth is     247
Amaranth-Italic.ttf.fix made with spaceWidth and nbspWidth of 247
### Test Amaranth-BoldItalic.ttf
$ fontbakery-check.py result Amaranth-BoldItalic.ttf
bakery_lint.tests.downstream.test_names_are_ascii_only.CheckNamesAreASCIIOnly.test_check_names_are_ascii_only(): OK
bakery_lint.tests.downstream.test_gpos_table_has_kerning_info.CheckGposTableHasKerningInfo.test_gpos_table_has_kerning_info(): OK
bakery_lint.tests.downstream.test_gasp_table_value.CheckGaspTableType.test_check_gasp_table_type(): FAIL
$ fontbakery-fix-gasp.py --set=15 /home/travis/build/fontdirectory/amaranth/builds/build/Amaranth-BoldItalic.ttf
$ mv /home/travis/build/fontdirectory/amaranth/builds/build/Amaranth-BoldItalic.ttf.fix /home/travis/build/fontdirectory/amaranth/builds/build/Amaranth-BoldItalic.ttf
bakery_lint.tests.downstream.test_gasp_table_value.CheckGaspTableType.test_check_gasp_table_type(): OK
$ fontbakery-fix-gasp.py --set=15 /home/travis/build/fontdirectory/amaranth/builds/build/Amaranth-BoldItalic.ttf
$ mv /home/travis/build/fontdirectory/amaranth/builds/build/Amaranth-BoldItalic.ttf.fix /home/travis/build/fontdirectory/amaranth/builds/build/Amaranth-BoldItalic.ttf
The following table(s) in the font have been ignored by FontForge
  Ignoring 'LTSH' linear threshold table
  Ignoring 'VDMX' vertical device metrics table
  Ignoring 'hdmx' horizontal device metrics table
This font contains both a 'kern' table and a 'GPOS' table.
  The 'kern' table will only be read if there is no 'kern' feature in 'GPOS'.
bakery_lint.tests.downstream.test_fontforge_validation_state.FontForgeValidateStateTest.test_allowed_numbers_paths_in_composite_glyphs(): OK
bakery_lint.tests.downstream.test_fontforge_validation_state.FontForgeValidateStateTest.test_allowed_numbers_paths_in_glyphs(): OK
bakery_lint.tests.downstream.test_fontforge_validation_state.FontForgeValidateStateTest.test_allowed_numbers_points_in_composite_glyphs(): OK
bakery_lint.tests.downstream.test_fontforge_validation_state.FontForgeValidateStateTest.test_allowed_numbers_points_in_glyphs(): OK
bakery_lint.tests.downstream.test_fontforge_validation_state.FontForgeValidateStateTest.test_duplicate_glyphs(): OK
bakery_lint.tests.downstream.test_fontforge_validation_state.FontForgeValidateStateTest.test_duplicate_unicode_codepoints(): OK
bakery_lint.tests.downstream.test_fontforge_validation_state.FontForgeValidateStateTest.test_flipped_reference_in_glyphs(): OK
bakery_lint.tests.downstream.test_fontforge_validation_state.FontForgeValidateStateTest.test_missing_anchors(): OK
bakery_lint.tests.downstream.test_fontforge_validation_state.FontForgeValidateStateTest.test_missing_extrema_in_glyphs(): FAIL
bakery_lint.tests.downstream.test_fontforge_validation_state.FontForgeValidateStateTest.test_overlapped_hints(): OK
bakery_lint.tests.downstream.test_fontforge_validation_state.FontForgeValidateStateTest.test_points_are_integer_aligned(): OK
bakery_lint.tests.downstream.test_fontforge_validation_state.FontForgeValidateStateTest.test_points_are_not_too_far_apart(): OK
bakery_lint.tests.downstream.test_fontforge_validation_state.FontForgeValidateStateTest.test_postscript_hasnt_limit_hints_in_glyphs(): OK
bakery_lint.tests.downstream.test_fontforge_validation_state.FontForgeValidateStateTest.test_postscript_hasnt_limit_points_in_glyphs(): OK
bakery_lint.tests.downstream.test_fontforge_validation_state.FontForgeValidateStateTest.test_referenced_glyphs_are_present(): OK
bakery_lint.tests.downstream.test_fontforge_validation_state.FontForgeValidateStateTest.test_valid_glyph_names(): OK
bakery_lint.tests.downstream.test_fontforge_validation_state.FontForgeValidateStateTest.test_valid_length_instructions(): OK
bakery_lint.tests.downstream.test_fontforge_validation_state.FontForgeValidateStateTest.test_validation_glyph_intersect(): FAIL
bakery_lint.tests.downstream.test_fontforge_validation_state.FontForgeValidateStateTest.test_validation_open_contours(): OK
bakery_lint.tests.downstream.test_fontforge_validation_state.FontForgeValidateStateTest.test_wrong_direction_in_glyphs(): OK
bakery_lint.tests.downstream.test_check_vertical_metrics.CheckVerticalLinegapMetrics.test_metrics_linegaps_are_zero(): OK
bakery_lint.tests.downstream.test_check_vertical_metrics.CheckVerticalAscentMetrics.test_metrics_ascents_equal_bbox(): OK
bakery_lint.tests.downstream.test_check_vertical_metrics.CheckVerticalDescentMetrics.test_metrics_descents_equal_bbox(): OK
bakery_lint.tests.downstream.test_check_upm_heights_less_120.TestCheckUPMHeightsLess120.test_check_upm_heigths_less_120(): FAIL
bakery_lint.tests.downstream.test_check_unused_glyph_data.CheckUnusedGlyphData.test_check_unused_glyph_data(): ERROR
bakery_lint.tests.downstream.test_check_unencoded_glyph.TestFontUnencodedGlyph.test_font_unencoded_glyphs(): FAIL
$ fontbakery-fix-glyph-private-encoding.py --autofix /home/travis/build/fontdirectory/amaranth/builds/build/Amaranth-BoldItalic.ttf
$ mv /home/travis/build/fontdirectory/amaranth/builds/build/Amaranth-BoldItalic.ttf.fix /home/travis/build/fontdirectory/amaranth/builds/build/Amaranth-BoldItalic.ttf
bakery_lint.tests.downstream.test_check_unencoded_glyph.TestFontUnencodedGlyph.test_font_unencoded_glyphs(): FAIL
bakery_lint.tests.downstream.test_check_panose_identification.CheckPanoseIdentification.test_check_panose_identification(): OK
bakery_lint.tests.downstream.test_check_os2_width_class.CheckOS2WidthClass.test_check_os2_width_class(): OK
bakery_lint.tests.downstream.test_check_no_problematic_formats.CheckNoProblematicFormats.test_check_no_problematic_formats(): OK
bakery_lint.tests.downstream.test_check_nbsp_width_matches_sp_width.CheckNbspWidthMatchesSpWidth.test_check_nbsp_width_matches_sp_width(): FAIL
$ fontbakery-fix-nbsp.py /home/travis/build/fontdirectory/amaranth/builds/build/Amaranth-BoldItalic.ttf
$ mv /home/travis/build/fontdirectory/amaranth/builds/build/Amaranth-BoldItalic.ttf.fix /home/travis/build/fontdirectory/amaranth/builds/build/Amaranth-BoldItalic.ttf
bakery_lint.tests.downstream.test_check_nbsp_width_matches_sp_width.CheckNbspWidthMatchesSpWidth.test_check_nbsp_width_matches_sp_width(): OK
bakery_lint.tests.downstream.test_check_names_same_across_platforms.CheckNamesSameAcrossPlatforms.test_check_names_same_across_platforms(): OK
bakery_lint.tests.downstream.test_check_name_table_recommendation.CheckStyleNameRecommendation.test_check_stylename_is_under_recommendations(): OK
bakery_lint.tests.downstream.test_check_name_table_recommendation.CheckOTFamilyNameRecommendation.test_check_opentype_familyname(): FAIL
$ fontbakery-fix-opentype-names.py /home/travis/build/fontdirectory/amaranth/builds/build/Amaranth-BoldItalic.ttf
$ mv /home/travis/build/fontdirectory/amaranth/builds/build/Amaranth-BoldItalic.ttf.fix /home/travis/build/fontdirectory/amaranth/builds/build/Amaranth-BoldItalic.ttf
bakery_lint.tests.downstream.test_check_name_table_recommendation.CheckOTFamilyNameRecommendation.test_check_opentype_familyname(): OK
bakery_lint.tests.downstream.test_check_name_table_recommendation.CheckOTStyleNameRecommendation.test_check_opentype_stylename(): OK
bakery_lint.tests.downstream.test_check_name_table_recommendation.CheckOTFullNameRecommendation.test_check_opentype_fullname(): OK
bakery_lint.tests.downstream.test_check_magic_prep_code.CheckMagicPREPByteCode.test_prep_magic_code(): FAIL
bakery_lint.tests.downstream.test_check_license_included.CheckLicenseIncluded.test_license_included_in_font_names(): OK
bakery_lint.tests.downstream.test_check_italic_angle_agreement.CheckItalicAngleAgreement.test_check_italic_angle_agreement(): OK
bakery_lint.tests.downstream.test_check_hmtx_hhea_max_advance_width_agreement.CheckHmtxHheaMaxAdvanceWidthAgreement.test_check_hmtx_hhea_max_advance_width_agreement(): OK
bakery_lint.tests.downstream.test_check_glyph_existence.CheckGlyphExistence.test_euro(): OK
bakery_lint.tests.downstream.test_check_glyph_existence.CheckGlyphExistence.test_nbsp(): OK
bakery_lint.tests.downstream.test_check_glyph_existence.CheckGlyphExistence.test_space(): OK
bakery_lint.tests.downstream.test_check_glyf_table_length.CheckGlyfTableLength.test_check_glyf_table_length(): FAIL
bakery_lint.tests.downstream.test_check_full_font_name_begins_with_family_name.CheckFullFontNameBeginsWithFamilyName.test_check_full_font_name_begins_with_family_name(): OK
bakery_lint.tests.downstream.test_check_fontname_matches_macstyle.CheckFontNameEqualToMacStyleFlags.test_fontname_is_equal_to_macstyle(): FAIL
bakery_lint.tests.downstream.test_check_font_tables.CheckFontHasDsigTable.test_check_font_has_dsig_table(): FAIL
$ fontbakery-fix-dsig.py /home/travis/build/fontdirectory/amaranth/builds/build/Amaranth-BoldItalic.ttf
$ mv /home/travis/build/fontdirectory/amaranth/builds/build/Amaranth-BoldItalic.ttf.fix /home/travis/build/fontdirectory/amaranth/builds/build/Amaranth-BoldItalic.ttf
bakery_lint.tests.downstream.test_check_font_tables.CheckFontHasDsigTable.test_check_font_has_dsig_table(): OK
bakery_lint.tests.downstream.test_check_font_tables.CheckFontHasNotKernTable.test_no_kern_table_exists(): OK
bakery_lint.tests.downstream.test_check_font_agreements.CheckFsTypeIsNotSet.test_is_fstype_not_set(): OK
$ fontbakery-fix-fstype.py --autofix /home/travis/build/fontdirectory/amaranth/builds/build/Amaranth-BoldItalic.ttf
$ mv /home/travis/build/fontdirectory/amaranth/builds/build/Amaranth-BoldItalic.ttf.fix /home/travis/build/fontdirectory/amaranth/builds/build/Amaranth-BoldItalic.ttf
bakery_lint.tests.downstream.test_check_font_agreements.CheckFontAgreements.test_em_is_1000(): OK
bakery_lint.tests.downstream.test_check_font_agreements.CheckFontAgreements.test_font_is_font(): OK
bakery_lint.tests.downstream.test_check_font_agreements.CheckFontAgreements.test_latin_file_exists(): FAIL
bakery_lint.tests.downstream.test_check_font_agreements.CheckFontAgreements.test_menu_file_exists(): FAIL
### Optimize TTF Amaranth-BoldItalic.ttf
$ ls -l 'Amaranth-BoldItalic.ttf'* # look at the size savings of that subset process
Amaranth-BoldItalic.ttf.opt: 89232 bytes
Amaranth-BoldItalic.ttf: 102696 bytes
$ mv /home/travis/build/fontdirectory/amaranth/builds/build/Amaranth-BoldItalic.ttf.opt /home/travis/build/fontdirectory/amaranth/builds/build/Amaranth-BoldItalic.ttf
### Autohint TTFs (ttfautohint) Amaranth-BoldItalic.ttf
$ ttfautohint -l 7 -r 28 -G 50 -x 13 -w "G" /home/travis/build/fontdirectory/amaranth/builds/build/Amaranth-BoldItalic.ttf '/home/travis/build/fontdirectory/amaranth/builds/build/Amaranth-BoldItalic.autohint.ttf'

$ ls -l /home/travis/build/fontdirectory/amaranth/builds/build/Amaranth-BoldItalic.*ttf # look at the size savings of that subset process
/home/travis/build/fontdirectory/amaranth/builds/build/Amaranth-BoldItalic.ttf: 89232 bytes
/home/travis/build/fontdirectory/amaranth/builds/build/Amaranth-BoldItalic.autohint.ttf: 65536 bytes
$ mv /home/travis/build/fontdirectory/amaranth/builds/build/Amaranth-BoldItalic.autohint.ttf /home/travis/build/fontdirectory/amaranth/builds/build/Amaranth-BoldItalic.ttf
### Subset TTFs (pyftsubset) Amaranth-BoldItalic.ttf
$ pyftsubset Amaranth-BoldItalic.latin
$ pyftsubset Amaranth-BoldItalic.menu
strippedname:/home/travis/build/fontdirectory/amaranth/builds/build/Amaranth-BoldItalic.ttf
spaceWidth is    220
nbspWidth is     247
Amaranth-BoldItalic.ttf.fix made with spaceWidth and nbspWidth of 247
### Test Amaranth-Bold.ttf
$ fontbakery-check.py result Amaranth-Bold.ttf
bakery_lint.tests.downstream.test_names_are_ascii_only.CheckNamesAreASCIIOnly.test_check_names_are_ascii_only(): OK
bakery_lint.tests.downstream.test_gpos_table_has_kerning_info.CheckGposTableHasKerningInfo.test_gpos_table_has_kerning_info(): OK
bakery_lint.tests.downstream.test_gasp_table_value.CheckGaspTableType.test_check_gasp_table_type(): FAIL
$ fontbakery-fix-gasp.py --set=15 /home/travis/build/fontdirectory/amaranth/builds/build/Amaranth-Bold.ttf
$ mv /home/travis/build/fontdirectory/amaranth/builds/build/Amaranth-Bold.ttf.fix /home/travis/build/fontdirectory/amaranth/builds/build/Amaranth-Bold.ttf
bakery_lint.tests.downstream.test_gasp_table_value.CheckGaspTableType.test_check_gasp_table_type(): OK
$ fontbakery-fix-gasp.py --set=15 /home/travis/build/fontdirectory/amaranth/builds/build/Amaranth-Bold.ttf
$ mv /home/travis/build/fontdirectory/amaranth/builds/build/Amaranth-Bold.ttf.fix /home/travis/build/fontdirectory/amaranth/builds/build/Amaranth-Bold.ttf
The following table(s) in the font have been ignored by FontForge
  Ignoring 'LTSH' linear threshold table
  Ignoring 'VDMX' vertical device metrics table
  Ignoring 'hdmx' horizontal device metrics table
This font contains both a 'kern' table and a 'GPOS' table.
  The 'kern' table will only be read if there is no 'kern' feature in 'GPOS'.
bakery_lint.tests.downstream.test_fontforge_validation_state.FontForgeValidateStateTest.test_allowed_numbers_paths_in_composite_glyphs(): OK
bakery_lint.tests.downstream.test_fontforge_validation_state.FontForgeValidateStateTest.test_allowed_numbers_paths_in_glyphs(): OK
bakery_lint.tests.downstream.test_fontforge_validation_state.FontForgeValidateStateTest.test_allowed_numbers_points_in_composite_glyphs(): OK
bakery_lint.tests.downstream.test_fontforge_validation_state.FontForgeValidateStateTest.test_allowed_numbers_points_in_glyphs(): OK
bakery_lint.tests.downstream.test_fontforge_validation_state.FontForgeValidateStateTest.test_duplicate_glyphs(): OK
bakery_lint.tests.downstream.test_fontforge_validation_state.FontForgeValidateStateTest.test_duplicate_unicode_codepoints(): OK
bakery_lint.tests.downstream.test_fontforge_validation_state.FontForgeValidateStateTest.test_flipped_reference_in_glyphs(): OK
bakery_lint.tests.downstream.test_fontforge_validation_state.FontForgeValidateStateTest.test_missing_anchors(): OK
bakery_lint.tests.downstream.test_fontforge_validation_state.FontForgeValidateStateTest.test_missing_extrema_in_glyphs(): OK
bakery_lint.tests.downstream.test_fontforge_validation_state.FontForgeValidateStateTest.test_overlapped_hints(): OK
bakery_lint.tests.downstream.test_fontforge_validation_state.FontForgeValidateStateTest.test_points_are_integer_aligned(): OK
bakery_lint.tests.downstream.test_fontforge_validation_state.FontForgeValidateStateTest.test_points_are_not_too_far_apart(): OK
bakery_lint.tests.downstream.test_fontforge_validation_state.FontForgeValidateStateTest.test_postscript_hasnt_limit_hints_in_glyphs(): OK
bakery_lint.tests.downstream.test_fontforge_validation_state.FontForgeValidateStateTest.test_postscript_hasnt_limit_points_in_glyphs(): OK
bakery_lint.tests.downstream.test_fontforge_validation_state.FontForgeValidateStateTest.test_referenced_glyphs_are_present(): OK
bakery_lint.tests.downstream.test_fontforge_validation_state.FontForgeValidateStateTest.test_valid_glyph_names(): OK
bakery_lint.tests.downstream.test_fontforge_validation_state.FontForgeValidateStateTest.test_valid_length_instructions(): OK
bakery_lint.tests.downstream.test_fontforge_validation_state.FontForgeValidateStateTest.test_validation_glyph_intersect(): OK
bakery_lint.tests.downstream.test_fontforge_validation_state.FontForgeValidateStateTest.test_validation_open_contours(): OK
bakery_lint.tests.downstream.test_fontforge_validation_state.FontForgeValidateStateTest.test_wrong_direction_in_glyphs(): OK
bakery_lint.tests.downstream.test_check_vertical_metrics.CheckVerticalLinegapMetrics.test_metrics_linegaps_are_zero(): OK
bakery_lint.tests.downstream.test_check_vertical_metrics.CheckVerticalAscentMetrics.test_metrics_ascents_equal_bbox(): OK
bakery_lint.tests.downstream.test_check_vertical_metrics.CheckVerticalDescentMetrics.test_metrics_descents_equal_bbox(): OK
bakery_lint.tests.downstream.test_check_upm_heights_less_120.TestCheckUPMHeightsLess120.test_check_upm_heigths_less_120(): FAIL
bakery_lint.tests.downstream.test_check_unused_glyph_data.CheckUnusedGlyphData.test_check_unused_glyph_data(): ERROR
bakery_lint.tests.downstream.test_check_unencoded_glyph.TestFontUnencodedGlyph.test_font_unencoded_glyphs(): FAIL
$ fontbakery-fix-glyph-private-encoding.py --autofix /home/travis/build/fontdirectory/amaranth/builds/build/Amaranth-Bold.ttf
$ mv /home/travis/build/fontdirectory/amaranth/builds/build/Amaranth-Bold.ttf.fix /home/travis/build/fontdirectory/amaranth/builds/build/Amaranth-Bold.ttf
bakery_lint.tests.downstream.test_check_unencoded_glyph.TestFontUnencodedGlyph.test_font_unencoded_glyphs(): FAIL
bakery_lint.tests.downstream.test_check_panose_identification.CheckPanoseIdentification.test_check_panose_identification(): OK
bakery_lint.tests.downstream.test_check_os2_width_class.CheckOS2WidthClass.test_check_os2_width_class(): OK
bakery_lint.tests.downstream.test_check_no_problematic_formats.CheckNoProblematicFormats.test_check_no_problematic_formats(): OK
bakery_lint.tests.downstream.test_check_nbsp_width_matches_sp_width.CheckNbspWidthMatchesSpWidth.test_check_nbsp_width_matches_sp_width(): OK
bakery_lint.tests.downstream.test_check_names_same_across_platforms.CheckNamesSameAcrossPlatforms.test_check_names_same_across_platforms(): OK
bakery_lint.tests.downstream.test_check_name_table_recommendation.CheckStyleNameRecommendation.test_check_stylename_is_under_recommendations(): OK
bakery_lint.tests.downstream.test_check_name_table_recommendation.CheckOTFamilyNameRecommendation.test_check_opentype_familyname(): FAIL
$ fontbakery-fix-opentype-names.py /home/travis/build/fontdirectory/amaranth/builds/build/Amaranth-Bold.ttf
$ mv /home/travis/build/fontdirectory/amaranth/builds/build/Amaranth-Bold.ttf.fix /home/travis/build/fontdirectory/amaranth/builds/build/Amaranth-Bold.ttf
bakery_lint.tests.downstream.test_check_name_table_recommendation.CheckOTFamilyNameRecommendation.test_check_opentype_familyname(): OK
bakery_lint.tests.downstream.test_check_name_table_recommendation.CheckOTStyleNameRecommendation.test_check_opentype_stylename(): OK
bakery_lint.tests.downstream.test_check_name_table_recommendation.CheckOTFullNameRecommendation.test_check_opentype_fullname(): OK
bakery_lint.tests.downstream.test_check_magic_prep_code.CheckMagicPREPByteCode.test_prep_magic_code(): FAIL
bakery_lint.tests.downstream.test_check_license_included.CheckLicenseIncluded.test_license_included_in_font_names(): OK
bakery_lint.tests.downstream.test_check_italic_angle_agreement.CheckItalicAngleAgreement.test_check_italic_angle_agreement(): OK
bakery_lint.tests.downstream.test_check_hmtx_hhea_max_advance_width_agreement.CheckHmtxHheaMaxAdvanceWidthAgreement.test_check_hmtx_hhea_max_advance_width_agreement(): OK
bakery_lint.tests.downstream.test_check_glyph_existence.CheckGlyphExistence.test_euro(): OK
bakery_lint.tests.downstream.test_check_glyph_existence.CheckGlyphExistence.test_nbsp(): OK
bakery_lint.tests.downstream.test_check_glyph_existence.CheckGlyphExistence.test_space(): OK
bakery_lint.tests.downstream.test_check_glyf_table_length.CheckGlyfTableLength.test_check_glyf_table_length(): FAIL
bakery_lint.tests.downstream.test_check_full_font_name_begins_with_family_name.CheckFullFontNameBeginsWithFamilyName.test_check_full_font_name_begins_with_family_name(): OK
bakery_lint.tests.downstream.test_check_fontname_matches_macstyle.CheckFontNameEqualToMacStyleFlags.test_fontname_is_equal_to_macstyle(): FAIL
bakery_lint.tests.downstream.test_check_font_tables.CheckFontHasDsigTable.test_check_font_has_dsig_table(): FAIL
$ fontbakery-fix-dsig.py /home/travis/build/fontdirectory/amaranth/builds/build/Amaranth-Bold.ttf
$ mv /home/travis/build/fontdirectory/amaranth/builds/build/Amaranth-Bold.ttf.fix /home/travis/build/fontdirectory/amaranth/builds/build/Amaranth-Bold.ttf
bakery_lint.tests.downstream.test_check_font_tables.CheckFontHasDsigTable.test_check_font_has_dsig_table(): OK
bakery_lint.tests.downstream.test_check_font_tables.CheckFontHasNotKernTable.test_no_kern_table_exists(): OK
bakery_lint.tests.downstream.test_check_font_agreements.CheckFsTypeIsNotSet.test_is_fstype_not_set(): OK
$ fontbakery-fix-fstype.py --autofix /home/travis/build/fontdirectory/amaranth/builds/build/Amaranth-Bold.ttf
$ mv /home/travis/build/fontdirectory/amaranth/builds/build/Amaranth-Bold.ttf.fix /home/travis/build/fontdirectory/amaranth/builds/build/Amaranth-Bold.ttf
bakery_lint.tests.downstream.test_check_font_agreements.CheckFontAgreements.test_em_is_1000(): OK
bakery_lint.tests.downstream.test_check_font_agreements.CheckFontAgreements.test_font_is_font(): OK
bakery_lint.tests.downstream.test_check_font_agreements.CheckFontAgreements.test_latin_file_exists(): FAIL
bakery_lint.tests.downstream.test_check_font_agreements.CheckFontAgreements.test_menu_file_exists(): FAIL
### Optimize TTF Amaranth-Bold.ttf
$ ls -l 'Amaranth-Bold.ttf'* # look at the size savings of that subset process
Amaranth-Bold.ttf.opt: 58296 bytes
Amaranth-Bold.ttf: 69992 bytes
$ mv /home/travis/build/fontdirectory/amaranth/builds/build/Amaranth-Bold.ttf.opt /home/travis/build/fontdirectory/amaranth/builds/build/Amaranth-Bold.ttf
### Autohint TTFs (ttfautohint) Amaranth-Bold.ttf
$ ttfautohint -l 7 -r 28 -G 50 -x 13 -w "G" /home/travis/build/fontdirectory/amaranth/builds/build/Amaranth-Bold.ttf '/home/travis/build/fontdirectory/amaranth/builds/build/Amaranth-Bold.autohint.ttf'

$ ls -l /home/travis/build/fontdirectory/amaranth/builds/build/Amaranth-Bold.*ttf # look at the size savings of that subset process
/home/travis/build/fontdirectory/amaranth/builds/build/Amaranth-Bold.ttf: 58296 bytes
/home/travis/build/fontdirectory/amaranth/builds/build/Amaranth-Bold.autohint.ttf: 58064 bytes
$ mv /home/travis/build/fontdirectory/amaranth/builds/build/Amaranth-Bold.autohint.ttf /home/travis/build/fontdirectory/amaranth/builds/build/Amaranth-Bold.ttf
### Subset TTFs (pyftsubset) Amaranth-Bold.ttf
$ pyftsubset Amaranth-Bold.latin
$ pyftsubset Amaranth-Bold.menu
strippedname:/home/travis/build/fontdirectory/amaranth/builds/build/Amaranth-Bold.ttf
$ fontbakery-build-font2ttf.py sources/Amaranth-Bold.ufo Amaranth-Bold.ttf
Success: Generated OpenType-TTF (/home/travis/build/fontdirectory/amaranth/builds/build/Amaranth-Bold.ttf)
### Test Amaranth-Bold.ttf
$ fontbakery-check.py result Amaranth-Bold.ttf
bakery_lint.tests.downstream.test_names_are_ascii_only.CheckNamesAreASCIIOnly.test_check_names_are_ascii_only(): OK
bakery_lint.tests.downstream.test_gpos_table_has_kerning_info.CheckGposTableHasKerningInfo.test_gpos_table_has_kerning_info(): OK
bakery_lint.tests.downstream.test_gasp_table_value.CheckGaspTableType.test_check_gasp_table_type(): FAIL
$ fontbakery-fix-gasp.py --set=15 /home/travis/build/fontdirectory/amaranth/builds/build/Amaranth-Bold.ttf
$ mv /home/travis/build/fontdirectory/amaranth/builds/build/Amaranth-Bold.ttf.fix /home/travis/build/fontdirectory/amaranth/builds/build/Amaranth-Bold.ttf
bakery_lint.tests.downstream.test_gasp_table_value.CheckGaspTableType.test_check_gasp_table_type(): OK
$ fontbakery-fix-gasp.py --set=15 /home/travis/build/fontdirectory/amaranth/builds/build/Amaranth-Bold.ttf
$ mv /home/travis/build/fontdirectory/amaranth/builds/build/Amaranth-Bold.ttf.fix /home/travis/build/fontdirectory/amaranth/builds/build/Amaranth-Bold.ttf
The following table(s) in the font have been ignored by FontForge
  Ignoring 'DSIG' digital signature table
bakery_lint.tests.downstream.test_fontforge_validation_state.FontForgeValidateStateTest.test_allowed_numbers_paths_in_composite_glyphs(): OK
bakery_lint.tests.downstream.test_fontforge_validation_state.FontForgeValidateStateTest.test_allowed_numbers_paths_in_glyphs(): OK
bakery_lint.tests.downstream.test_fontforge_validation_state.FontForgeValidateStateTest.test_allowed_numbers_points_in_composite_glyphs(): OK
bakery_lint.tests.downstream.test_fontforge_validation_state.FontForgeValidateStateTest.test_allowed_numbers_points_in_glyphs(): OK
bakery_lint.tests.downstream.test_fontforge_validation_state.FontForgeValidateStateTest.test_duplicate_glyphs(): OK
bakery_lint.tests.downstream.test_fontforge_validation_state.FontForgeValidateStateTest.test_duplicate_unicode_codepoints(): OK
bakery_lint.tests.downstream.test_fontforge_validation_state.FontForgeValidateStateTest.test_flipped_reference_in_glyphs(): OK
bakery_lint.tests.downstream.test_fontforge_validation_state.FontForgeValidateStateTest.test_missing_anchors(): OK
bakery_lint.tests.downstream.test_fontforge_validation_state.FontForgeValidateStateTest.test_missing_extrema_in_glyphs(): FAIL
bakery_lint.tests.downstream.test_fontforge_validation_state.FontForgeValidateStateTest.test_overlapped_hints(): OK
bakery_lint.tests.downstream.test_fontforge_validation_state.FontForgeValidateStateTest.test_points_are_integer_aligned(): OK
bakery_lint.tests.downstream.test_fontforge_validation_state.FontForgeValidateStateTest.test_points_are_not_too_far_apart(): OK
bakery_lint.tests.downstream.test_fontforge_validation_state.FontForgeValidateStateTest.test_postscript_hasnt_limit_hints_in_glyphs(): OK
bakery_lint.tests.downstream.test_fontforge_validation_state.FontForgeValidateStateTest.test_postscript_hasnt_limit_points_in_glyphs(): OK
bakery_lint.tests.downstream.test_fontforge_validation_state.FontForgeValidateStateTest.test_referenced_glyphs_are_present(): OK
bakery_lint.tests.downstream.test_fontforge_validation_state.FontForgeValidateStateTest.test_valid_glyph_names(): OK
bakery_lint.tests.downstream.test_fontforge_validation_state.FontForgeValidateStateTest.test_valid_length_instructions(): OK
bakery_lint.tests.downstream.test_fontforge_validation_state.FontForgeValidateStateTest.test_validation_glyph_intersect(): OK
bakery_lint.tests.downstream.test_fontforge_validation_state.FontForgeValidateStateTest.test_validation_open_contours(): OK
bakery_lint.tests.downstream.test_fontforge_validation_state.FontForgeValidateStateTest.test_wrong_direction_in_glyphs(): OK
bakery_lint.tests.downstream.test_check_vertical_metrics.CheckVerticalLinegapMetrics.test_metrics_linegaps_are_zero(): FAIL
$ fontbakery-fix-vertical-metrics.py --autofix /home/travis/build/fontdirectory/amaranth/builds/build/Amaranth-Bold.ttf /home/travis/build/fontdirectory/amaranth/builds/build/Amaranth-BoldItalic.ttf /home/travis/build/fontdirectory/amaranth/builds/build/Amaranth-Italic.ttf /home/travis/build/fontdirectory/amaranth/builds/build/Amaranth-Regular.ttf
$ mv /home/travis/build/fontdirectory/amaranth/builds/build/Amaranth-Bold.ttf.fix /home/travis/build/fontdirectory/amaranth/builds/build/Amaranth-Bold.ttf
$ mv /home/travis/build/fontdirectory/amaranth/builds/build/Amaranth-BoldItalic.ttf.fix /home/travis/build/fontdirectory/amaranth/builds/build/Amaranth-BoldItalic.ttf
$ mv /home/travis/build/fontdirectory/amaranth/builds/build/Amaranth-Italic.ttf.fix /home/travis/build/fontdirectory/amaranth/builds/build/Amaranth-Italic.ttf
$ mv /home/travis/build/fontdirectory/amaranth/builds/build/Amaranth-Regular.ttf.fix /home/travis/build/fontdirectory/amaranth/builds/build/Amaranth-Regular.ttf
$ fontbakery-fix-vertical-metrics.py /home/travis/build/fontdirectory/amaranth/builds/build/Amaranth-Bold.ttf /home/travis/build/fontdirectory/amaranth/builds/build/Amaranth-BoldItalic.ttf /home/travis/build/fontdirectory/amaranth/builds/build/Amaranth-Italic.ttf /home/travis/build/fontdirectory/amaranth/builds/build/Amaranth-Regular.ttf
Parameter              Amaranth-Bold.ttf    Amaranth-BoldItalic.ttf    Amaranth-Italic.ttf    Amaranth-Regular.ttf    
ymax                   976                  953                        921                    928                     
hhea.ascent            976                  976                        976                    976                     
OS/2.sTypoAscender     976                  976                        976                    976                     
OS/2.usWinAscent       976                  976                        976                    976                     
ymin                   -236                 -258                       -258                   -223                    
hhea.descent           -258                 -258                       -258                   -258                    
OS/2.sTypoDescender    -258                 -258                       -258                   -258                    
OS/2.usWinDescent      258                  258                        258                    258                     
hhea.lineGap           0                    0                          0                      0                       
OS/2.sTypoLineGap      0                    0                          0                      0                       
hhea total             1234                 1234                       1234                   1234                    
typo total             1234                 1234                       1234                   1234                    
win total              1234                 1234                       1234                   1234                    
UPM:Heights            1000:1212            1000:1211                  1000:1179              1000:1151               
UPM:Heights %          121 %                121 %                      117 %                  115 %                   


bakery_lint.tests.downstream.test_check_vertical_metrics.CheckVerticalLinegapMetrics.test_metrics_linegaps_are_zero(): OK
bakery_lint.tests.downstream.test_check_vertical_metrics.CheckVerticalAscentMetrics.test_metrics_ascents_equal_bbox(): OK
bakery_lint.tests.downstream.test_check_vertical_metrics.CheckVerticalDescentMetrics.test_metrics_descents_equal_bbox(): OK
bakery_lint.tests.downstream.test_check_upm_heights_less_120.TestCheckUPMHeightsLess120.test_check_upm_heigths_less_120(): FAIL
bakery_lint.tests.downstream.test_check_unused_glyph_data.CheckUnusedGlyphData.test_check_unused_glyph_data(): ERROR
bakery_lint.tests.downstream.test_check_unencoded_glyph.TestFontUnencodedGlyph.test_font_unencoded_glyphs(): FAIL
$ fontbakery-fix-glyph-private-encoding.py --autofix /home/travis/build/fontdirectory/amaranth/builds/build/Amaranth-Bold.ttf
$ mv /home/travis/build/fontdirectory/amaranth/builds/build/Amaranth-Bold.ttf.fix /home/travis/build/fontdirectory/amaranth/builds/build/Amaranth-Bold.ttf
bakery_lint.tests.downstream.test_check_unencoded_glyph.TestFontUnencodedGlyph.test_font_unencoded_glyphs(): FAIL
bakery_lint.tests.downstream.test_check_panose_identification.CheckPanoseIdentification.test_check_panose_identification(): OK
bakery_lint.tests.downstream.test_check_os2_width_class.CheckOS2WidthClass.test_check_os2_width_class(): FAIL
bakery_lint.tests.downstream.test_check_no_problematic_formats.CheckNoProblematicFormats.test_check_no_problematic_formats(): OK
bakery_lint.tests.downstream.test_check_nbsp_width_matches_sp_width.CheckNbspWidthMatchesSpWidth.test_check_nbsp_width_matches_sp_width(): OK
bakery_lint.tests.downstream.test_check_names_same_across_platforms.CheckNamesSameAcrossPlatforms.test_check_names_same_across_platforms(): OK
bakery_lint.tests.downstream.test_check_name_table_recommendation.CheckStyleNameRecommendation.test_check_stylename_is_under_recommendations(): OK
bakery_lint.tests.downstream.test_check_name_table_recommendation.CheckOTFamilyNameRecommendation.test_check_opentype_familyname(): OK
bakery_lint.tests.downstream.test_check_name_table_recommendation.CheckOTStyleNameRecommendation.test_check_opentype_stylename(): OK
bakery_lint.tests.downstream.test_check_name_table_recommendation.CheckOTFullNameRecommendation.test_check_opentype_fullname(): OK
bakery_lint.tests.downstream.test_check_magic_prep_code.CheckMagicPREPByteCode.test_prep_magic_code(): FAIL
bakery_lint.tests.downstream.test_check_license_included.CheckLicenseIncluded.test_license_included_in_font_names(): OK
bakery_lint.tests.downstream.test_check_italic_angle_agreement.CheckItalicAngleAgreement.test_check_italic_angle_agreement(): OK
bakery_lint.tests.downstream.test_check_hmtx_hhea_max_advance_width_agreement.CheckHmtxHheaMaxAdvanceWidthAgreement.test_check_hmtx_hhea_max_advance_width_agreement(): OK
bakery_lint.tests.downstream.test_check_glyph_existence.CheckGlyphExistence.test_euro(): OK
bakery_lint.tests.downstream.test_check_glyph_existence.CheckGlyphExistence.test_nbsp(): OK
bakery_lint.tests.downstream.test_check_glyph_existence.CheckGlyphExistence.test_space(): OK
bakery_lint.tests.downstream.test_check_glyf_table_length.CheckGlyfTableLength.test_check_glyf_table_length(): FAIL
bakery_lint.tests.downstream.test_check_full_font_name_begins_with_family_name.CheckFullFontNameBeginsWithFamilyName.test_check_full_font_name_begins_with_family_name(): OK
bakery_lint.tests.downstream.test_check_fontname_matches_macstyle.CheckFontNameEqualToMacStyleFlags.test_fontname_is_equal_to_macstyle(): FAIL
bakery_lint.tests.downstream.test_check_font_tables.CheckFontHasDsigTable.test_check_font_has_dsig_table(): OK
bakery_lint.tests.downstream.test_check_font_tables.CheckFontHasNotKernTable.test_no_kern_table_exists(): OK
bakery_lint.tests.downstream.test_check_font_agreements.CheckFsTypeIsNotSet.test_is_fstype_not_set(): OK
$ fontbakery-fix-fstype.py --autofix /home/travis/build/fontdirectory/amaranth/builds/build/Amaranth-Bold.ttf
$ mv /home/travis/build/fontdirectory/amaranth/builds/build/Amaranth-Bold.ttf.fix /home/travis/build/fontdirectory/amaranth/builds/build/Amaranth-Bold.ttf
bakery_lint.tests.downstream.test_check_font_agreements.CheckFontAgreements.test_em_is_1000(): OK
bakery_lint.tests.downstream.test_check_font_agreements.CheckFontAgreements.test_font_is_font(): OK
bakery_lint.tests.downstream.test_check_font_agreements.CheckFontAgreements.test_latin_file_exists(): OK
bakery_lint.tests.downstream.test_check_font_agreements.CheckFontAgreements.test_menu_file_exists(): OK
### Optimize TTF Amaranth-Bold.ttf
$ ls -l 'Amaranth-Bold.ttf'* # look at the size savings of that subset process
Amaranth-Bold.ttf.opt: 26916 bytes
Amaranth-Bold.ttf: 30356 bytes
$ mv /home/travis/build/fontdirectory/amaranth/builds/build/Amaranth-Bold.ttf.opt /home/travis/build/fontdirectory/amaranth/builds/build/Amaranth-Bold.ttf
### Autohint TTFs (ttfautohint) Amaranth-Bold.ttf
$ ttfautohint -l 7 -r 28 -G 50 -x 13 -w "G" /home/travis/build/fontdirectory/amaranth/builds/build/Amaranth-Bold.ttf '/home/travis/build/fontdirectory/amaranth/builds/build/Amaranth-Bold.autohint.ttf'

$ ls -l /home/travis/build/fontdirectory/amaranth/builds/build/Amaranth-Bold.*ttf # look at the size savings of that subset process
/home/travis/build/fontdirectory/amaranth/builds/build/Amaranth-Bold.ttf: 26916 bytes
/home/travis/build/fontdirectory/amaranth/builds/build/Amaranth-Bold.autohint.ttf: 41716 bytes
$ mv /home/travis/build/fontdirectory/amaranth/builds/build/Amaranth-Bold.autohint.ttf /home/travis/build/fontdirectory/amaranth/builds/build/Amaranth-Bold.ttf
### Subset TTFs (pyftsubset) Amaranth-Bold.ttf
$ pyftsubset Amaranth-Bold.latin
$ pyftsubset Amaranth-Bold.menu
strippedname:/home/travis/build/fontdirectory/amaranth/builds/build/Amaranth-Bold.ttf
$ fontbakery-build-font2ttf.py sources/Amaranth-BoldItalic.ufo Amaranth-BoldItalic.ttf
Success: Generated OpenType-TTF (/home/travis/build/fontdirectory/amaranth/builds/build/Amaranth-BoldItalic.ttf)
### Test Amaranth-BoldItalic.ttf
$ fontbakery-check.py result Amaranth-BoldItalic.ttf
bakery_lint.tests.downstream.test_names_are_ascii_only.CheckNamesAreASCIIOnly.test_check_names_are_ascii_only(): OK
bakery_lint.tests.downstream.test_gpos_table_has_kerning_info.CheckGposTableHasKerningInfo.test_gpos_table_has_kerning_info(): OK
bakery_lint.tests.downstream.test_gasp_table_value.CheckGaspTableType.test_check_gasp_table_type(): FAIL
$ fontbakery-fix-gasp.py --set=15 /home/travis/build/fontdirectory/amaranth/builds/build/Amaranth-BoldItalic.ttf
$ mv /home/travis/build/fontdirectory/amaranth/builds/build/Amaranth-BoldItalic.ttf.fix /home/travis/build/fontdirectory/amaranth/builds/build/Amaranth-BoldItalic.ttf
bakery_lint.tests.downstream.test_gasp_table_value.CheckGaspTableType.test_check_gasp_table_type(): OK
$ fontbakery-fix-gasp.py --set=15 /home/travis/build/fontdirectory/amaranth/builds/build/Amaranth-BoldItalic.ttf
$ mv /home/travis/build/fontdirectory/amaranth/builds/build/Amaranth-BoldItalic.ttf.fix /home/travis/build/fontdirectory/amaranth/builds/build/Amaranth-BoldItalic.ttf
The following table(s) in the font have been ignored by FontForge
  Ignoring 'DSIG' digital signature table
bakery_lint.tests.downstream.test_fontforge_validation_state.FontForgeValidateStateTest.test_allowed_numbers_paths_in_composite_glyphs(): OK
bakery_lint.tests.downstream.test_fontforge_validation_state.FontForgeValidateStateTest.test_allowed_numbers_paths_in_glyphs(): OK
bakery_lint.tests.downstream.test_fontforge_validation_state.FontForgeValidateStateTest.test_allowed_numbers_points_in_composite_glyphs(): OK
bakery_lint.tests.downstream.test_fontforge_validation_state.FontForgeValidateStateTest.test_allowed_numbers_points_in_glyphs(): OK
bakery_lint.tests.downstream.test_fontforge_validation_state.FontForgeValidateStateTest.test_duplicate_glyphs(): OK
bakery_lint.tests.downstream.test_fontforge_validation_state.FontForgeValidateStateTest.test_duplicate_unicode_codepoints(): OK
bakery_lint.tests.downstream.test_fontforge_validation_state.FontForgeValidateStateTest.test_flipped_reference_in_glyphs(): OK
bakery_lint.tests.downstream.test_fontforge_validation_state.FontForgeValidateStateTest.test_missing_anchors(): OK
bakery_lint.tests.downstream.test_fontforge_validation_state.FontForgeValidateStateTest.test_missing_extrema_in_glyphs(): FAIL
bakery_lint.tests.downstream.test_fontforge_validation_state.FontForgeValidateStateTest.test_overlapped_hints(): OK
bakery_lint.tests.downstream.test_fontforge_validation_state.FontForgeValidateStateTest.test_points_are_integer_aligned(): OK
bakery_lint.tests.downstream.test_fontforge_validation_state.FontForgeValidateStateTest.test_points_are_not_too_far_apart(): OK
bakery_lint.tests.downstream.test_fontforge_validation_state.FontForgeValidateStateTest.test_postscript_hasnt_limit_hints_in_glyphs(): OK
bakery_lint.tests.downstream.test_fontforge_validation_state.FontForgeValidateStateTest.test_postscript_hasnt_limit_points_in_glyphs(): OK
bakery_lint.tests.downstream.test_fontforge_validation_state.FontForgeValidateStateTest.test_referenced_glyphs_are_present(): OK
bakery_lint.tests.downstream.test_fontforge_validation_state.FontForgeValidateStateTest.test_valid_glyph_names(): OK
bakery_lint.tests.downstream.test_fontforge_validation_state.FontForgeValidateStateTest.test_valid_length_instructions(): OK
bakery_lint.tests.downstream.test_fontforge_validation_state.FontForgeValidateStateTest.test_validation_glyph_intersect(): OK
bakery_lint.tests.downstream.test_fontforge_validation_state.FontForgeValidateStateTest.test_validation_open_contours(): OK
bakery_lint.tests.downstream.test_fontforge_validation_state.FontForgeValidateStateTest.test_wrong_direction_in_glyphs(): OK
bakery_lint.tests.downstream.test_check_vertical_metrics.CheckVerticalLinegapMetrics.test_metrics_linegaps_are_zero(): FAIL
$ fontbakery-fix-vertical-metrics.py --autofix /home/travis/build/fontdirectory/amaranth/builds/build/Amaranth-BoldItalic.ttf /home/travis/build/fontdirectory/amaranth/builds/build/Amaranth-Bold.ttf /home/travis/build/fontdirectory/amaranth/builds/build/Amaranth-Regular.ttf /home/travis/build/fontdirectory/amaranth/builds/build/Amaranth-Italic.ttf
$ mv /home/travis/build/fontdirectory/amaranth/builds/build/Amaranth-BoldItalic.ttf.fix /home/travis/build/fontdirectory/amaranth/builds/build/Amaranth-BoldItalic.ttf
$ mv /home/travis/build/fontdirectory/amaranth/builds/build/Amaranth-Bold.ttf.fix /home/travis/build/fontdirectory/amaranth/builds/build/Amaranth-Bold.ttf
$ mv /home/travis/build/fontdirectory/amaranth/builds/build/Amaranth-Regular.ttf.fix /home/travis/build/fontdirectory/amaranth/builds/build/Amaranth-Regular.ttf
$ mv /home/travis/build/fontdirectory/amaranth/builds/build/Amaranth-Italic.ttf.fix /home/travis/build/fontdirectory/amaranth/builds/build/Amaranth-Italic.ttf
$ fontbakery-fix-vertical-metrics.py /home/travis/build/fontdirectory/amaranth/builds/build/Amaranth-BoldItalic.ttf /home/travis/build/fontdirectory/amaranth/builds/build/Amaranth-Bold.ttf /home/travis/build/fontdirectory/amaranth/builds/build/Amaranth-Regular.ttf /home/travis/build/fontdirectory/amaranth/builds/build/Amaranth-Italic.ttf
Parameter              Amaranth-BoldItalic.ttf    Amaranth-Bold.ttf    Amaranth-Regular.ttf    Amaranth-Italic.ttf    
ymax                   953                        976                  928                     921                    
hhea.ascent            976                        976                  976                     976                    
OS/2.sTypoAscender     976                        976                  976                     976                    
OS/2.usWinAscent       976                        976                  976                     976                    
ymin                   -258                       -236                 -223                    -258                   
hhea.descent           -258                       -258                 -258                    -258                   
OS/2.sTypoDescender    -258                       -258                 -258                    -258                   
OS/2.usWinDescent      258                        258                  258                     258                    
hhea.lineGap           0                          0                    0                       0                      
OS/2.sTypoLineGap      0                          0                    0                       0                      
hhea total             1234                       1234                 1234                    1234                   
typo total             1234                       1234                 1234                    1234                   
win total              1234                       1234                 1234                    1234                   
UPM:Heights            1000:1211                  1000:1212            1000:1151               1000:1179              
UPM:Heights %          121 %                      121 %                115 %                   117 %                  


bakery_lint.tests.downstream.test_check_vertical_metrics.CheckVerticalLinegapMetrics.test_metrics_linegaps_are_zero(): OK
bakery_lint.tests.downstream.test_check_vertical_metrics.CheckVerticalAscentMetrics.test_metrics_ascents_equal_bbox(): OK
bakery_lint.tests.downstream.test_check_vertical_metrics.CheckVerticalDescentMetrics.test_metrics_descents_equal_bbox(): OK
bakery_lint.tests.downstream.test_check_upm_heights_less_120.TestCheckUPMHeightsLess120.test_check_upm_heigths_less_120(): FAIL
bakery_lint.tests.downstream.test_check_unused_glyph_data.CheckUnusedGlyphData.test_check_unused_glyph_data(): ERROR
bakery_lint.tests.downstream.test_check_unencoded_glyph.TestFontUnencodedGlyph.test_font_unencoded_glyphs(): FAIL
$ fontbakery-fix-glyph-private-encoding.py --autofix /home/travis/build/fontdirectory/amaranth/builds/build/Amaranth-BoldItalic.ttf
$ mv /home/travis/build/fontdirectory/amaranth/builds/build/Amaranth-BoldItalic.ttf.fix /home/travis/build/fontdirectory/amaranth/builds/build/Amaranth-BoldItalic.ttf
bakery_lint.tests.downstream.test_check_unencoded_glyph.TestFontUnencodedGlyph.test_font_unencoded_glyphs(): FAIL
bakery_lint.tests.downstream.test_check_panose_identification.CheckPanoseIdentification.test_check_panose_identification(): OK
bakery_lint.tests.downstream.test_check_os2_width_class.CheckOS2WidthClass.test_check_os2_width_class(): FAIL
bakery_lint.tests.downstream.test_check_no_problematic_formats.CheckNoProblematicFormats.test_check_no_problematic_formats(): OK
bakery_lint.tests.downstream.test_check_nbsp_width_matches_sp_width.CheckNbspWidthMatchesSpWidth.test_check_nbsp_width_matches_sp_width(): FAIL
$ fontbakery-fix-nbsp.py /home/travis/build/fontdirectory/amaranth/builds/build/Amaranth-BoldItalic.ttf
$ mv /home/travis/build/fontdirectory/amaranth/builds/build/Amaranth-BoldItalic.ttf.fix /home/travis/build/fontdirectory/amaranth/builds/build/Amaranth-BoldItalic.ttf
bakery_lint.tests.downstream.test_check_nbsp_width_matches_sp_width.CheckNbspWidthMatchesSpWidth.test_check_nbsp_width_matches_sp_width(): OK
bakery_lint.tests.downstream.test_check_names_same_across_platforms.CheckNamesSameAcrossPlatforms.test_check_names_same_across_platforms(): OK
bakery_lint.tests.downstream.test_check_name_table_recommendation.CheckStyleNameRecommendation.test_check_stylename_is_under_recommendations(): FAIL
$ fontbakery-fix-opentype-names.py /home/travis/build/fontdirectory/amaranth/builds/build/Amaranth-BoldItalic.ttf
$ mv /home/travis/build/fontdirectory/amaranth/builds/build/Amaranth-BoldItalic.ttf.fix /home/travis/build/fontdirectory/amaranth/builds/build/Amaranth-BoldItalic.ttf
bakery_lint.tests.downstream.test_check_name_table_recommendation.CheckStyleNameRecommendation.test_check_stylename_is_under_recommendations(): FAIL
bakery_lint.tests.downstream.test_check_name_table_recommendation.CheckOTFamilyNameRecommendation.test_check_opentype_familyname(): OK
bakery_lint.tests.downstream.test_check_name_table_recommendation.CheckOTStyleNameRecommendation.test_check_opentype_stylename(): FAIL
$ fontbakery-fix-opentype-names.py /home/travis/build/fontdirectory/amaranth/builds/build/Amaranth-BoldItalic.ttf
$ mv /home/travis/build/fontdirectory/amaranth/builds/build/Amaranth-BoldItalic.ttf.fix /home/travis/build/fontdirectory/amaranth/builds/build/Amaranth-BoldItalic.ttf
bakery_lint.tests.downstream.test_check_name_table_recommendation.CheckOTStyleNameRecommendation.test_check_opentype_stylename(): FAIL
bakery_lint.tests.downstream.test_check_name_table_recommendation.CheckOTFullNameRecommendation.test_check_opentype_fullname(): OK
bakery_lint.tests.downstream.test_check_magic_prep_code.CheckMagicPREPByteCode.test_prep_magic_code(): FAIL
bakery_lint.tests.downstream.test_check_license_included.CheckLicenseIncluded.test_license_included_in_font_names(): OK
bakery_lint.tests.downstream.test_check_italic_angle_agreement.CheckItalicAngleAgreement.test_check_italic_angle_agreement(): OK
bakery_lint.tests.downstream.test_check_hmtx_hhea_max_advance_width_agreement.CheckHmtxHheaMaxAdvanceWidthAgreement.test_check_hmtx_hhea_max_advance_width_agreement(): OK
bakery_lint.tests.downstream.test_check_glyph_existence.CheckGlyphExistence.test_euro(): OK
bakery_lint.tests.downstream.test_check_glyph_existence.CheckGlyphExistence.test_nbsp(): OK
bakery_lint.tests.downstream.test_check_glyph_existence.CheckGlyphExistence.test_space(): OK
bakery_lint.tests.downstream.test_check_glyf_table_length.CheckGlyfTableLength.test_check_glyf_table_length(): FAIL
bakery_lint.tests.downstream.test_check_full_font_name_begins_with_family_name.CheckFullFontNameBeginsWithFamilyName.test_check_full_font_name_begins_with_family_name(): OK
bakery_lint.tests.downstream.test_check_fontname_matches_macstyle.CheckFontNameEqualToMacStyleFlags.test_fontname_is_equal_to_macstyle(): FAIL
bakery_lint.tests.downstream.test_check_font_tables.CheckFontHasDsigTable.test_check_font_has_dsig_table(): OK
bakery_lint.tests.downstream.test_check_font_tables.CheckFontHasNotKernTable.test_no_kern_table_exists(): OK
bakery_lint.tests.downstream.test_check_font_agreements.CheckFsTypeIsNotSet.test_is_fstype_not_set(): OK
$ fontbakery-fix-fstype.py --autofix /home/travis/build/fontdirectory/amaranth/builds/build/Amaranth-BoldItalic.ttf
$ mv /home/travis/build/fontdirectory/amaranth/builds/build/Amaranth-BoldItalic.ttf.fix /home/travis/build/fontdirectory/amaranth/builds/build/Amaranth-BoldItalic.ttf
bakery_lint.tests.downstream.test_check_font_agreements.CheckFontAgreements.test_em_is_1000(): OK
bakery_lint.tests.downstream.test_check_font_agreements.CheckFontAgreements.test_font_is_font(): OK
bakery_lint.tests.downstream.test_check_font_agreements.CheckFontAgreements.test_latin_file_exists(): OK
bakery_lint.tests.downstream.test_check_font_agreements.CheckFontAgreements.test_menu_file_exists(): OK
### Optimize TTF Amaranth-BoldItalic.ttf
$ ls -l 'Amaranth-BoldItalic.ttf'* # look at the size savings of that subset process
Amaranth-BoldItalic.ttf.opt: 30056 bytes
Amaranth-BoldItalic.ttf: 33408 bytes
$ mv /home/travis/build/fontdirectory/amaranth/builds/build/Amaranth-BoldItalic.ttf.opt /home/travis/build/fontdirectory/amaranth/builds/build/Amaranth-BoldItalic.ttf
### Autohint TTFs (ttfautohint) Amaranth-BoldItalic.ttf
$ ttfautohint -l 7 -r 28 -G 50 -x 13 -w "G" /home/travis/build/fontdirectory/amaranth/builds/build/Amaranth-BoldItalic.ttf '/home/travis/build/fontdirectory/amaranth/builds/build/Amaranth-BoldItalic.autohint.ttf'

$ ls -l /home/travis/build/fontdirectory/amaranth/builds/build/Amaranth-BoldItalic.*ttf # look at the size savings of that subset process
/home/travis/build/fontdirectory/amaranth/builds/build/Amaranth-BoldItalic.ttf: 30056 bytes
/home/travis/build/fontdirectory/amaranth/builds/build/Amaranth-BoldItalic.autohint.ttf: 46176 bytes
$ mv /home/travis/build/fontdirectory/amaranth/builds/build/Amaranth-BoldItalic.autohint.ttf /home/travis/build/fontdirectory/amaranth/builds/build/Amaranth-BoldItalic.ttf
### Subset TTFs (pyftsubset) Amaranth-BoldItalic.ttf
$ pyftsubset Amaranth-BoldItalic.latin
$ pyftsubset Amaranth-BoldItalic.menu
strippedname:/home/travis/build/fontdirectory/amaranth/builds/build/Amaranth-BoldItalic.ttf
spaceWidth is    220
nbspWidth is     247
Amaranth-BoldItalic.ttf.fix made with spaceWidth and nbspWidth of 247
$ fontbakery-build-font2ttf.py sources/Amaranth-Italic.ufo Amaranth-Italic.ttf
Success: Generated OpenType-TTF (/home/travis/build/fontdirectory/amaranth/builds/build/Amaranth-Italic.ttf)
### Test Amaranth-Italic.ttf
$ fontbakery-check.py result Amaranth-Italic.ttf
bakery_lint.tests.downstream.test_names_are_ascii_only.CheckNamesAreASCIIOnly.test_check_names_are_ascii_only(): OK
bakery_lint.tests.downstream.test_gpos_table_has_kerning_info.CheckGposTableHasKerningInfo.test_gpos_table_has_kerning_info(): OK
bakery_lint.tests.downstream.test_gasp_table_value.CheckGaspTableType.test_check_gasp_table_type(): FAIL
$ fontbakery-fix-gasp.py --set=15 /home/travis/build/fontdirectory/amaranth/builds/build/Amaranth-Italic.ttf
$ mv /home/travis/build/fontdirectory/amaranth/builds/build/Amaranth-Italic.ttf.fix /home/travis/build/fontdirectory/amaranth/builds/build/Amaranth-Italic.ttf
bakery_lint.tests.downstream.test_gasp_table_value.CheckGaspTableType.test_check_gasp_table_type(): OK
$ fontbakery-fix-gasp.py --set=15 /home/travis/build/fontdirectory/amaranth/builds/build/Amaranth-Italic.ttf
$ mv /home/travis/build/fontdirectory/amaranth/builds/build/Amaranth-Italic.ttf.fix /home/travis/build/fontdirectory/amaranth/builds/build/Amaranth-Italic.ttf
The following table(s) in the font have been ignored by FontForge
  Ignoring 'DSIG' digital signature table
bakery_lint.tests.downstream.test_fontforge_validation_state.FontForgeValidateStateTest.test_allowed_numbers_paths_in_composite_glyphs(): OK
bakery_lint.tests.downstream.test_fontforge_validation_state.FontForgeValidateStateTest.test_allowed_numbers_paths_in_glyphs(): OK
bakery_lint.tests.downstream.test_fontforge_validation_state.FontForgeValidateStateTest.test_allowed_numbers_points_in_composite_glyphs(): OK
bakery_lint.tests.downstream.test_fontforge_validation_state.FontForgeValidateStateTest.test_allowed_numbers_points_in_glyphs(): OK
bakery_lint.tests.downstream.test_fontforge_validation_state.FontForgeValidateStateTest.test_duplicate_glyphs(): OK
bakery_lint.tests.downstream.test_fontforge_validation_state.FontForgeValidateStateTest.test_duplicate_unicode_codepoints(): OK
bakery_lint.tests.downstream.test_fontforge_validation_state.FontForgeValidateStateTest.test_flipped_reference_in_glyphs(): OK
bakery_lint.tests.downstream.test_fontforge_validation_state.FontForgeValidateStateTest.test_missing_anchors(): OK
bakery_lint.tests.downstream.test_fontforge_validation_state.FontForgeValidateStateTest.test_missing_extrema_in_glyphs(): FAIL
bakery_lint.tests.downstream.test_fontforge_validation_state.FontForgeValidateStateTest.test_overlapped_hints(): OK
bakery_lint.tests.downstream.test_fontforge_validation_state.FontForgeValidateStateTest.test_points_are_integer_aligned(): OK
bakery_lint.tests.downstream.test_fontforge_validation_state.FontForgeValidateStateTest.test_points_are_not_too_far_apart(): OK
bakery_lint.tests.downstream.test_fontforge_validation_state.FontForgeValidateStateTest.test_postscript_hasnt_limit_hints_in_glyphs(): OK
bakery_lint.tests.downstream.test_fontforge_validation_state.FontForgeValidateStateTest.test_postscript_hasnt_limit_points_in_glyphs(): OK
bakery_lint.tests.downstream.test_fontforge_validation_state.FontForgeValidateStateTest.test_referenced_glyphs_are_present(): OK
bakery_lint.tests.downstream.test_fontforge_validation_state.FontForgeValidateStateTest.test_valid_glyph_names(): OK
bakery_lint.tests.downstream.test_fontforge_validation_state.FontForgeValidateStateTest.test_valid_length_instructions(): OK
bakery_lint.tests.downstream.test_fontforge_validation_state.FontForgeValidateStateTest.test_validation_glyph_intersect(): OK
bakery_lint.tests.downstream.test_fontforge_validation_state.FontForgeValidateStateTest.test_validation_open_contours(): OK
bakery_lint.tests.downstream.test_fontforge_validation_state.FontForgeValidateStateTest.test_wrong_direction_in_glyphs(): OK
bakery_lint.tests.downstream.test_check_vertical_metrics.CheckVerticalLinegapMetrics.test_metrics_linegaps_are_zero(): FAIL
$ fontbakery-fix-vertical-metrics.py --autofix /home/travis/build/fontdirectory/amaranth/builds/build/Amaranth-Italic.ttf /home/travis/build/fontdirectory/amaranth/builds/build/Amaranth-BoldItalic.ttf /home/travis/build/fontdirectory/amaranth/builds/build/Amaranth-Regular.ttf /home/travis/build/fontdirectory/amaranth/builds/build/Amaranth-Bold.ttf
$ mv /home/travis/build/fontdirectory/amaranth/builds/build/Amaranth-Italic.ttf.fix /home/travis/build/fontdirectory/amaranth/builds/build/Amaranth-Italic.ttf
$ mv /home/travis/build/fontdirectory/amaranth/builds/build/Amaranth-BoldItalic.ttf.fix /home/travis/build/fontdirectory/amaranth/builds/build/Amaranth-BoldItalic.ttf
$ mv /home/travis/build/fontdirectory/amaranth/builds/build/Amaranth-Regular.ttf.fix /home/travis/build/fontdirectory/amaranth/builds/build/Amaranth-Regular.ttf
$ mv /home/travis/build/fontdirectory/amaranth/builds/build/Amaranth-Bold.ttf.fix /home/travis/build/fontdirectory/amaranth/builds/build/Amaranth-Bold.ttf
$ fontbakery-fix-vertical-metrics.py /home/travis/build/fontdirectory/amaranth/builds/build/Amaranth-Italic.ttf /home/travis/build/fontdirectory/amaranth/builds/build/Amaranth-BoldItalic.ttf /home/travis/build/fontdirectory/amaranth/builds/build/Amaranth-Regular.ttf /home/travis/build/fontdirectory/amaranth/builds/build/Amaranth-Bold.ttf
Parameter              Amaranth-Italic.ttf    Amaranth-BoldItalic.ttf    Amaranth-Regular.ttf    Amaranth-Bold.ttf    
ymax                   921                    953                        928                     976                  
hhea.ascent            976                    976                        976                     976                  
OS/2.sTypoAscender     976                    976                        976                     976                  
OS/2.usWinAscent       976                    976                        976                     976                  
ymin                   -258                   -258                       -223                    -236                 
hhea.descent           -258                   -258                       -258                    -258                 
OS/2.sTypoDescender    -258                   -258                       -258                    -258                 
OS/2.usWinDescent      258                    258                        258                     258                  
hhea.lineGap           0                      0                          0                       0                    
OS/2.sTypoLineGap      0                      0                          0                       0                    
hhea total             1234                   1234                       1234                    1234                 
typo total             1234                   1234                       1234                    1234                 
win total              1234                   1234                       1234                    1234                 
UPM:Heights            1000:1179              1000:1211                  1000:1151               1000:1212            
UPM:Heights %          117 %                  121 %                      115 %                   121 %                


bakery_lint.tests.downstream.test_check_vertical_metrics.CheckVerticalLinegapMetrics.test_metrics_linegaps_are_zero(): OK
bakery_lint.tests.downstream.test_check_vertical_metrics.CheckVerticalAscentMetrics.test_metrics_ascents_equal_bbox(): OK
bakery_lint.tests.downstream.test_check_vertical_metrics.CheckVerticalDescentMetrics.test_metrics_descents_equal_bbox(): OK
bakery_lint.tests.downstream.test_check_upm_heights_less_120.TestCheckUPMHeightsLess120.test_check_upm_heigths_less_120(): FAIL
bakery_lint.tests.downstream.test_check_unused_glyph_data.CheckUnusedGlyphData.test_check_unused_glyph_data(): ERROR
bakery_lint.tests.downstream.test_check_unencoded_glyph.TestFontUnencodedGlyph.test_font_unencoded_glyphs(): FAIL
$ fontbakery-fix-glyph-private-encoding.py --autofix /home/travis/build/fontdirectory/amaranth/builds/build/Amaranth-Italic.ttf
$ mv /home/travis/build/fontdirectory/amaranth/builds/build/Amaranth-Italic.ttf.fix /home/travis/build/fontdirectory/amaranth/builds/build/Amaranth-Italic.ttf
bakery_lint.tests.downstream.test_check_unencoded_glyph.TestFontUnencodedGlyph.test_font_unencoded_glyphs(): FAIL
bakery_lint.tests.downstream.test_check_panose_identification.CheckPanoseIdentification.test_check_panose_identification(): OK
bakery_lint.tests.downstream.test_check_os2_width_class.CheckOS2WidthClass.test_check_os2_width_class(): FAIL
bakery_lint.tests.downstream.test_check_no_problematic_formats.CheckNoProblematicFormats.test_check_no_problematic_formats(): OK
bakery_lint.tests.downstream.test_check_nbsp_width_matches_sp_width.CheckNbspWidthMatchesSpWidth.test_check_nbsp_width_matches_sp_width(): FAIL
$ fontbakery-fix-nbsp.py /home/travis/build/fontdirectory/amaranth/builds/build/Amaranth-Italic.ttf
$ mv /home/travis/build/fontdirectory/amaranth/builds/build/Amaranth-Italic.ttf.fix /home/travis/build/fontdirectory/amaranth/builds/build/Amaranth-Italic.ttf
bakery_lint.tests.downstream.test_check_nbsp_width_matches_sp_width.CheckNbspWidthMatchesSpWidth.test_check_nbsp_width_matches_sp_width(): OK
bakery_lint.tests.downstream.test_check_names_same_across_platforms.CheckNamesSameAcrossPlatforms.test_check_names_same_across_platforms(): OK
bakery_lint.tests.downstream.test_check_name_table_recommendation.CheckStyleNameRecommendation.test_check_stylename_is_under_recommendations(): OK
bakery_lint.tests.downstream.test_check_name_table_recommendation.CheckOTFamilyNameRecommendation.test_check_opentype_familyname(): OK
bakery_lint.tests.downstream.test_check_name_table_recommendation.CheckOTStyleNameRecommendation.test_check_opentype_stylename(): OK
bakery_lint.tests.downstream.test_check_name_table_recommendation.CheckOTFullNameRecommendation.test_check_opentype_fullname(): OK
bakery_lint.tests.downstream.test_check_magic_prep_code.CheckMagicPREPByteCode.test_prep_magic_code(): FAIL
bakery_lint.tests.downstream.test_check_license_included.CheckLicenseIncluded.test_license_included_in_font_names(): OK
bakery_lint.tests.downstream.test_check_italic_angle_agreement.CheckItalicAngleAgreement.test_check_italic_angle_agreement(): OK
bakery_lint.tests.downstream.test_check_hmtx_hhea_max_advance_width_agreement.CheckHmtxHheaMaxAdvanceWidthAgreement.test_check_hmtx_hhea_max_advance_width_agreement(): OK
bakery_lint.tests.downstream.test_check_glyph_existence.CheckGlyphExistence.test_euro(): OK
bakery_lint.tests.downstream.test_check_glyph_existence.CheckGlyphExistence.test_nbsp(): OK
bakery_lint.tests.downstream.test_check_glyph_existence.CheckGlyphExistence.test_space(): OK
bakery_lint.tests.downstream.test_check_glyf_table_length.CheckGlyfTableLength.test_check_glyf_table_length(): FAIL
bakery_lint.tests.downstream.test_check_full_font_name_begins_with_family_name.CheckFullFontNameBeginsWithFamilyName.test_check_full_font_name_begins_with_family_name(): OK
bakery_lint.tests.downstream.test_check_fontname_matches_macstyle.CheckFontNameEqualToMacStyleFlags.test_fontname_is_equal_to_macstyle(): FAIL
bakery_lint.tests.downstream.test_check_font_tables.CheckFontHasDsigTable.test_check_font_has_dsig_table(): OK
bakery_lint.tests.downstream.test_check_font_tables.CheckFontHasNotKernTable.test_no_kern_table_exists(): OK
bakery_lint.tests.downstream.test_check_font_agreements.CheckFsTypeIsNotSet.test_is_fstype_not_set(): OK
$ fontbakery-fix-fstype.py --autofix /home/travis/build/fontdirectory/amaranth/builds/build/Amaranth-Italic.ttf
$ mv /home/travis/build/fontdirectory/amaranth/builds/build/Amaranth-Italic.ttf.fix /home/travis/build/fontdirectory/amaranth/builds/build/Amaranth-Italic.ttf
bakery_lint.tests.downstream.test_check_font_agreements.CheckFontAgreements.test_em_is_1000(): OK
bakery_lint.tests.downstream.test_check_font_agreements.CheckFontAgreements.test_font_is_font(): OK
bakery_lint.tests.downstream.test_check_font_agreements.CheckFontAgreements.test_latin_file_exists(): OK
bakery_lint.tests.downstream.test_check_font_agreements.CheckFontAgreements.test_menu_file_exists(): OK
### Optimize TTF Amaranth-Italic.ttf
$ ls -l 'Amaranth-Italic.ttf'* # look at the size savings of that subset process
Amaranth-Italic.ttf.opt: 30456 bytes
Amaranth-Italic.ttf: 34096 bytes
$ mv /home/travis/build/fontdirectory/amaranth/builds/build/Amaranth-Italic.ttf.opt /home/travis/build/fontdirectory/amaranth/builds/build/Amaranth-Italic.ttf
### Autohint TTFs (ttfautohint) Amaranth-Italic.ttf
$ ttfautohint -l 7 -r 28 -G 50 -x 13 -w "G" /home/travis/build/fontdirectory/amaranth/builds/build/Amaranth-Italic.ttf '/home/travis/build/fontdirectory/amaranth/builds/build/Amaranth-Italic.autohint.ttf'

$ ls -l /home/travis/build/fontdirectory/amaranth/builds/build/Amaranth-Italic.*ttf # look at the size savings of that subset process
/home/travis/build/fontdirectory/amaranth/builds/build/Amaranth-Italic.ttf: 30456 bytes
/home/travis/build/fontdirectory/amaranth/builds/build/Amaranth-Italic.autohint.ttf: 45720 bytes
$ mv /home/travis/build/fontdirectory/amaranth/builds/build/Amaranth-Italic.autohint.ttf /home/travis/build/fontdirectory/amaranth/builds/build/Amaranth-Italic.ttf
### Subset TTFs (pyftsubset) Amaranth-Italic.ttf
$ pyftsubset Amaranth-Italic.latin
$ pyftsubset Amaranth-Italic.menu
strippedname:/home/travis/build/fontdirectory/amaranth/builds/build/Amaranth-Italic.ttf
spaceWidth is    220
nbspWidth is     247
Amaranth-Italic.ttf.fix made with spaceWidth and nbspWidth of 247
$ fontbakery-build-font2ttf.py sources/Amaranth-Regular.ufo Amaranth-Regular.ttf
Success: Generated OpenType-TTF (/home/travis/build/fontdirectory/amaranth/builds/build/Amaranth-Regular.ttf)
### Test Amaranth-Regular.ttf
$ fontbakery-check.py result Amaranth-Regular.ttf
bakery_lint.tests.downstream.test_names_are_ascii_only.CheckNamesAreASCIIOnly.test_check_names_are_ascii_only(): OK
bakery_lint.tests.downstream.test_gpos_table_has_kerning_info.CheckGposTableHasKerningInfo.test_gpos_table_has_kerning_info(): OK
bakery_lint.tests.downstream.test_gasp_table_value.CheckGaspTableType.test_check_gasp_table_type(): FAIL
$ fontbakery-fix-gasp.py --set=15 /home/travis/build/fontdirectory/amaranth/builds/build/Amaranth-Regular.ttf
$ mv /home/travis/build/fontdirectory/amaranth/builds/build/Amaranth-Regular.ttf.fix /home/travis/build/fontdirectory/amaranth/builds/build/Amaranth-Regular.ttf
bakery_lint.tests.downstream.test_gasp_table_value.CheckGaspTableType.test_check_gasp_table_type(): OK
$ fontbakery-fix-gasp.py --set=15 /home/travis/build/fontdirectory/amaranth/builds/build/Amaranth-Regular.ttf
$ mv /home/travis/build/fontdirectory/amaranth/builds/build/Amaranth-Regular.ttf.fix /home/travis/build/fontdirectory/amaranth/builds/build/Amaranth-Regular.ttf
The following table(s) in the font have been ignored by FontForge
  Ignoring 'DSIG' digital signature table
bakery_lint.tests.downstream.test_fontforge_validation_state.FontForgeValidateStateTest.test_allowed_numbers_paths_in_composite_glyphs(): OK
bakery_lint.tests.downstream.test_fontforge_validation_state.FontForgeValidateStateTest.test_allowed_numbers_paths_in_glyphs(): OK
bakery_lint.tests.downstream.test_fontforge_validation_state.FontForgeValidateStateTest.test_allowed_numbers_points_in_composite_glyphs(): OK
bakery_lint.tests.downstream.test_fontforge_validation_state.FontForgeValidateStateTest.test_allowed_numbers_points_in_glyphs(): OK
bakery_lint.tests.downstream.test_fontforge_validation_state.FontForgeValidateStateTest.test_duplicate_glyphs(): OK
bakery_lint.tests.downstream.test_fontforge_validation_state.FontForgeValidateStateTest.test_duplicate_unicode_codepoints(): OK
bakery_lint.tests.downstream.test_fontforge_validation_state.FontForgeValidateStateTest.test_flipped_reference_in_glyphs(): OK
bakery_lint.tests.downstream.test_fontforge_validation_state.FontForgeValidateStateTest.test_missing_anchors(): OK
bakery_lint.tests.downstream.test_fontforge_validation_state.FontForgeValidateStateTest.test_missing_extrema_in_glyphs(): FAIL
bakery_lint.tests.downstream.test_fontforge_validation_state.FontForgeValidateStateTest.test_overlapped_hints(): OK
bakery_lint.tests.downstream.test_fontforge_validation_state.FontForgeValidateStateTest.test_points_are_integer_aligned(): OK
bakery_lint.tests.downstream.test_fontforge_validation_state.FontForgeValidateStateTest.test_points_are_not_too_far_apart(): OK
bakery_lint.tests.downstream.test_fontforge_validation_state.FontForgeValidateStateTest.test_postscript_hasnt_limit_hints_in_glyphs(): OK
bakery_lint.tests.downstream.test_fontforge_validation_state.FontForgeValidateStateTest.test_postscript_hasnt_limit_points_in_glyphs(): OK
bakery_lint.tests.downstream.test_fontforge_validation_state.FontForgeValidateStateTest.test_referenced_glyphs_are_present(): OK
bakery_lint.tests.downstream.test_fontforge_validation_state.FontForgeValidateStateTest.test_valid_glyph_names(): OK
bakery_lint.tests.downstream.test_fontforge_validation_state.FontForgeValidateStateTest.test_valid_length_instructions(): OK
bakery_lint.tests.downstream.test_fontforge_validation_state.FontForgeValidateStateTest.test_validation_glyph_intersect(): OK
bakery_lint.tests.downstream.test_fontforge_validation_state.FontForgeValidateStateTest.test_validation_open_contours(): OK
bakery_lint.tests.downstream.test_fontforge_validation_state.FontForgeValidateStateTest.test_wrong_direction_in_glyphs(): OK
bakery_lint.tests.downstream.test_check_vertical_metrics.CheckVerticalLinegapMetrics.test_metrics_linegaps_are_zero(): FAIL
$ fontbakery-fix-vertical-metrics.py --autofix /home/travis/build/fontdirectory/amaranth/builds/build/Amaranth-Regular.ttf /home/travis/build/fontdirectory/amaranth/builds/build/Amaranth-Italic.ttf /home/travis/build/fontdirectory/amaranth/builds/build/Amaranth-Bold.ttf /home/travis/build/fontdirectory/amaranth/builds/build/Amaranth-BoldItalic.ttf
$ mv /home/travis/build/fontdirectory/amaranth/builds/build/Amaranth-Regular.ttf.fix /home/travis/build/fontdirectory/amaranth/builds/build/Amaranth-Regular.ttf
$ mv /home/travis/build/fontdirectory/amaranth/builds/build/Amaranth-Italic.ttf.fix /home/travis/build/fontdirectory/amaranth/builds/build/Amaranth-Italic.ttf
$ mv /home/travis/build/fontdirectory/amaranth/builds/build/Amaranth-Bold.ttf.fix /home/travis/build/fontdirectory/amaranth/builds/build/Amaranth-Bold.ttf
$ mv /home/travis/build/fontdirectory/amaranth/builds/build/Amaranth-BoldItalic.ttf.fix /home/travis/build/fontdirectory/amaranth/builds/build/Amaranth-BoldItalic.ttf
$ fontbakery-fix-vertical-metrics.py /home/travis/build/fontdirectory/amaranth/builds/build/Amaranth-Regular.ttf /home/travis/build/fontdirectory/amaranth/builds/build/Amaranth-Italic.ttf /home/travis/build/fontdirectory/amaranth/builds/build/Amaranth-Bold.ttf /home/travis/build/fontdirectory/amaranth/builds/build/Amaranth-BoldItalic.ttf
Parameter              Amaranth-Regular.ttf    Amaranth-Italic.ttf    Amaranth-Bold.ttf    Amaranth-BoldItalic.ttf    
ymax                   928                     921                    976                  953                        
hhea.ascent            976                     976                    976                  976                        
OS/2.sTypoAscender     976                     976                    976                  976                        
OS/2.usWinAscent       976                     976                    976                  976                        
ymin                   -223                    -258                   -236                 -258                       
hhea.descent           -258                    -258                   -258                 -258                       
OS/2.sTypoDescender    -258                    -258                   -258                 -258                       
OS/2.usWinDescent      258                     258                    258                  258                        
hhea.lineGap           0                       0                      0                    0                          
OS/2.sTypoLineGap      0                       0                      0                    0                          
hhea total             1234                    1234                   1234                 1234                       
typo total             1234                    1234                   1234                 1234                       
win total              1234                    1234                   1234                 1234                       
UPM:Heights            1000:1151               1000:1179              1000:1212            1000:1211                  
UPM:Heights %          115 %                   117 %                  121 %                121 %                      


bakery_lint.tests.downstream.test_check_vertical_metrics.CheckVerticalLinegapMetrics.test_metrics_linegaps_are_zero(): OK
bakery_lint.tests.downstream.test_check_vertical_metrics.CheckVerticalAscentMetrics.test_metrics_ascents_equal_bbox(): OK
bakery_lint.tests.downstream.test_check_vertical_metrics.CheckVerticalDescentMetrics.test_metrics_descents_equal_bbox(): OK
bakery_lint.tests.downstream.test_check_upm_heights_less_120.TestCheckUPMHeightsLess120.test_check_upm_heigths_less_120(): FAIL
bakery_lint.tests.downstream.test_check_unused_glyph_data.CheckUnusedGlyphData.test_check_unused_glyph_data(): ERROR
bakery_lint.tests.downstream.test_check_unencoded_glyph.TestFontUnencodedGlyph.test_font_unencoded_glyphs(): FAIL
$ fontbakery-fix-glyph-private-encoding.py --autofix /home/travis/build/fontdirectory/amaranth/builds/build/Amaranth-Regular.ttf
$ mv /home/travis/build/fontdirectory/amaranth/builds/build/Amaranth-Regular.ttf.fix /home/travis/build/fontdirectory/amaranth/builds/build/Amaranth-Regular.ttf
bakery_lint.tests.downstream.test_check_unencoded_glyph.TestFontUnencodedGlyph.test_font_unencoded_glyphs(): FAIL
bakery_lint.tests.downstream.test_check_panose_identification.CheckPanoseIdentification.test_check_panose_identification(): OK
bakery_lint.tests.downstream.test_check_os2_width_class.CheckOS2WidthClass.test_check_os2_width_class(): FAIL
bakery_lint.tests.downstream.test_check_no_problematic_formats.CheckNoProblematicFormats.test_check_no_problematic_formats(): OK
bakery_lint.tests.downstream.test_check_nbsp_width_matches_sp_width.CheckNbspWidthMatchesSpWidth.test_check_nbsp_width_matches_sp_width(): OK
bakery_lint.tests.downstream.test_check_names_same_across_platforms.CheckNamesSameAcrossPlatforms.test_check_names_same_across_platforms(): OK
bakery_lint.tests.downstream.test_check_name_table_recommendation.CheckStyleNameRecommendation.test_check_stylename_is_under_recommendations(): OK
bakery_lint.tests.downstream.test_check_name_table_recommendation.CheckOTFamilyNameRecommendation.test_check_opentype_familyname(): OK
bakery_lint.tests.downstream.test_check_name_table_recommendation.CheckOTStyleNameRecommendation.test_check_opentype_stylename(): OK
bakery_lint.tests.downstream.test_check_name_table_recommendation.CheckOTFullNameRecommendation.test_check_opentype_fullname(): OK
bakery_lint.tests.downstream.test_check_magic_prep_code.CheckMagicPREPByteCode.test_prep_magic_code(): FAIL
bakery_lint.tests.downstream.test_check_license_included.CheckLicenseIncluded.test_license_included_in_font_names(): OK
bakery_lint.tests.downstream.test_check_italic_angle_agreement.CheckItalicAngleAgreement.test_check_italic_angle_agreement(): OK
bakery_lint.tests.downstream.test_check_hmtx_hhea_max_advance_width_agreement.CheckHmtxHheaMaxAdvanceWidthAgreement.test_check_hmtx_hhea_max_advance_width_agreement(): OK
bakery_lint.tests.downstream.test_check_glyph_existence.CheckGlyphExistence.test_euro(): OK
bakery_lint.tests.downstream.test_check_glyph_existence.CheckGlyphExistence.test_nbsp(): OK
bakery_lint.tests.downstream.test_check_glyph_existence.CheckGlyphExistence.test_space(): OK
bakery_lint.tests.downstream.test_check_glyf_table_length.CheckGlyfTableLength.test_check_glyf_table_length(): FAIL
bakery_lint.tests.downstream.test_check_full_font_name_begins_with_family_name.CheckFullFontNameBeginsWithFamilyName.test_check_full_font_name_begins_with_family_name(): OK
bakery_lint.tests.downstream.test_check_fontname_matches_macstyle.CheckFontNameEqualToMacStyleFlags.test_fontname_is_equal_to_macstyle(): FAIL
bakery_lint.tests.downstream.test_check_font_tables.CheckFontHasDsigTable.test_check_font_has_dsig_table(): OK
bakery_lint.tests.downstream.test_check_font_tables.CheckFontHasNotKernTable.test_no_kern_table_exists(): OK
bakery_lint.tests.downstream.test_check_font_agreements.CheckFsTypeIsNotSet.test_is_fstype_not_set(): OK
$ fontbakery-fix-fstype.py --autofix /home/travis/build/fontdirectory/amaranth/builds/build/Amaranth-Regular.ttf
$ mv /home/travis/build/fontdirectory/amaranth/builds/build/Amaranth-Regular.ttf.fix /home/travis/build/fontdirectory/amaranth/builds/build/Amaranth-Regular.ttf
bakery_lint.tests.downstream.test_check_font_agreements.CheckFontAgreements.test_em_is_1000(): OK
bakery_lint.tests.downstream.test_check_font_agreements.CheckFontAgreements.test_font_is_font(): OK
bakery_lint.tests.downstream.test_check_font_agreements.CheckFontAgreements.test_latin_file_exists(): OK
bakery_lint.tests.downstream.test_check_font_agreements.CheckFontAgreements.test_menu_file_exists(): OK
### Optimize TTF Amaranth-Regular.ttf
$ ls -l 'Amaranth-Regular.ttf'* # look at the size savings of that subset process
Amaranth-Regular.ttf.opt: 27396 bytes
Amaranth-Regular.ttf: 30760 bytes
$ mv /home/travis/build/fontdirectory/amaranth/builds/build/Amaranth-Regular.ttf.opt /home/travis/build/fontdirectory/amaranth/builds/build/Amaranth-Regular.ttf
### Autohint TTFs (ttfautohint) Amaranth-Regular.ttf
$ ttfautohint -l 7 -r 28 -G 50 -x 13 -w "G" /home/travis/build/fontdirectory/amaranth/builds/build/Amaranth-Regular.ttf '/home/travis/build/fontdirectory/amaranth/builds/build/Amaranth-Regular.autohint.ttf'

$ ls -l /home/travis/build/fontdirectory/amaranth/builds/build/Amaranth-Regular.*ttf # look at the size savings of that subset process
/home/travis/build/fontdirectory/amaranth/builds/build/Amaranth-Regular.ttf: 27396 bytes
/home/travis/build/fontdirectory/amaranth/builds/build/Amaranth-Regular.autohint.ttf: 41964 bytes
$ mv /home/travis/build/fontdirectory/amaranth/builds/build/Amaranth-Regular.autohint.ttf /home/travis/build/fontdirectory/amaranth/builds/build/Amaranth-Regular.ttf
### Subset TTFs (pyftsubset) Amaranth-Regular.ttf
$ pyftsubset Amaranth-Regular.latin
$ pyftsubset Amaranth-Regular.menu
strippedname:/home/travis/build/fontdirectory/amaranth/builds/build/Amaranth-Regular.ttf
### (5 of 6) Generate METADATA.json (fontbakery-build-metadata.py)
$ fontbakery-build-metadata.py /home/travis/build/fontdirectory/amaranth/builds/build
{} exists
Designer's name from font is: Gesine Todt
Original size: 41964\nGzip size: 23010
Family Name: Amaranth
PS Name: Amaranth-Regular
Full Name: Amaranth Regular
Style: normal
Weight: 400
Filename: Amaranth-Regular.ttf
Copyright: Copyright (c) 2011 by Gesine Todt. All rights reserved.
Family Name: Amaranth
PS Name: Amaranth-BoldItalic
Full Name: Amaranth Bold Italic
Style: normal
Weight: 700
Filename: Amaranth-BoldItalic.ttf
Copyright: Copyright (c) 2011 by Gesine Todt. All rights reserved.
Family Name: Amaranth
PS Name: Amaranth-Bold
Full Name: Amaranth Bold
Style: normal
Weight: 700
Filename: Amaranth-Bold.ttf
Copyright: Copyright (c) 2011 by Gesine Todt. All rights reserved.
Family Name: Amaranth
PS Name: Amaranth-Italic
Full Name: Amaranth Italic
Style: normal
Weight: 400
Filename: Amaranth-Italic.ttf
Copyright: Copyright (c) 2011 by Gesine Todt. All rights reserved.
### (6 of 6) Run tests for METADATA.json
$ fontbakery-check.py metadata METADATA.json
bakery_lint.tests.metadata_test.MetadataSubsetsListTest.test_charset_latin(): OK
bakery_lint.tests.metadata_test.MetadataSubsetsListTest.test_charset_menu(): OK
bakery_lint.tests.metadata_test.MetadataTest.test_description_is_more_than_500b(): FAIL
bakery_lint.tests.metadata_test.MetadataTest.test_description_is_valid_html(): FAIL
bakery_lint.tests.metadata_test.MetadataTest.test_does_not_familyName_exist_in_daltonmaag_catalogue(): FAIL
bakery_lint.tests.metadata_test.MetadataTest.test_does_not_familyName_exist_in_fontbureau_catalogue(): OK
bakery_lint.tests.metadata_test.MetadataTest.test_does_not_familyName_exist_in_fontscom_catalogue(): OK
bakery_lint.tests.metadata_test.MetadataTest.test_does_not_familyName_exist_in_fontshop_catalogue(): FAIL
bakery_lint.tests.metadata_test.MetadataTest.test_does_not_familyName_exist_in_fontsmith_catalogue(): FAIL
bakery_lint.tests.metadata_test.MetadataTest.test_does_not_familyName_exist_in_houseind_catalogue(): OK
bakery_lint.tests.metadata_test.MetadataTest.test_does_not_familyName_exist_in_myfonts_catalogue(): OK
bakery_lint.tests.metadata_test.MetadataTest.test_does_not_familyName_exist_in_veer_catalogue(): OK
bakery_lint.tests.metadata_test.MetadataTest.test_family_is_listed_in_gwf(): OK
bakery_lint.tests.metadata_test.MetadataTest.test_metadata_atleast_latin_menu_subsets_exist(): OK
/home/travis/virtualenv/python2.7.8/lib/python2.7/site-packages/bakery_lint/tests/metadata_test.py:141: UnicodeWarning: Unicode equal comparison failed to convert both arguments to Unicode - interpreting them as being unequal
  self.assertTrue(designer in designers,
bakery_lint.tests.metadata_test.MetadataTest.test_metadata_designer_exists_in_profiles_csv(): OK
bakery_lint.tests.metadata_test.MetadataTest.test_metadata_fonts_items_dicts(): OK
bakery_lint.tests.metadata_test.MetadataTest.test_metadata_fonts_key_list(): OK
bakery_lint.tests.metadata_test.MetadataTest.test_metadata_fonts_no_dupes(): OK
bakery_lint.tests.metadata_test.MetadataTest.test_metadata_has_unique_style_weight_pairs(): OK
bakery_lint.tests.metadata_test.MetadataTest.test_metadata_keys(): OK
bakery_lint.tests.metadata_test.MetadataTest.test_metadata_license(): OK
bakery_lint.tests.metadata_test.MetadataTest.test_metadata_no_unknown_top_keys(): OK
bakery_lint.tests.metadata_test.MetadataTest.test_metadata_subsets_key_list(): OK
bakery_lint.tests.metadata_test.MetadataTest.test_metadata_top_keys_types(): OK
bakery_lint.tests.downstream.test_metadata_font_copyright.CheckMetadataContainsReservedFontName.test_copyright_contains_correct_rfn(): FAIL
bakery_lint.tests.downstream.test_metadata_font_copyright.CheckMetadataContainsReservedFontName.test_copyright_is_consistent_across_family(): OK
bakery_lint.tests.downstream.test_metadata_font_copyright.CheckMetadataContainsReservedFontName.test_copyright_matches_pattern(): OK
bakery_lint.tests.downstream.test_metadata_font_copyright.CheckMetadataContainsReservedFontName.test_metadata_copyright_size(): OK
bakery_lint.tests.downstream.test_metadata_agreements.TestFontOnDiskFamilyEqualToMetadataJSON.test_font_on_disk_family_equal_in_metadata_json(): OK
bakery_lint.tests.downstream.test_metadata_agreements.TestPostScriptNameInMetadataEqualFontOnDisk.test_postscriptname_in_metadata_equal_to_font_on_disk(): FAIL
bakery_lint.tests.downstream.test_metadata_agreements.CheckMetadataAgreements.test_font_name_matches_family(): OK
bakery_lint.tests.downstream.test_metadata_agreements.CheckMetadataAgreements.test_metadata_family_values_are_all_the_same(): OK
bakery_lint.tests.downstream.test_metadata_agreements.CheckMetadataAgreements.test_metadata_filename_matches_postscriptname(): FAIL
bakery_lint.tests.downstream.test_metadata_agreements.CheckMetadataAgreements.test_metadata_font_have_regular(): OK
bakery_lint.tests.downstream.test_metadata_agreements.CheckMetadataAgreements.test_metadata_fonts_fields_have_fontname(): OK
bakery_lint.tests.downstream.test_metadata_agreements.CheckMetadataAgreements.test_metadata_fullname_is_equal_to_internal_font_fullname(): FAIL
bakery_lint.tests.downstream.test_metadata_agreements.CheckMetadataAgreements.test_metadata_fullname_matches_postScriptName(): OK
bakery_lint.tests.downstream.test_metadata_agreements.CheckMetadataAgreements.test_metadata_regular_is_400(): OK
bakery_lint.tests.downstream.test_metadata_agreements.CheckMetadataAgreements.test_metadata_regular_is_normal(): FAIL
bakery_lint.tests.downstream.test_check_text_files_exist.CheckTextFilesExist.test_copyrighttxt_exists(): FAIL
bakery_lint.tests.downstream.test_check_text_files_exist.CheckTextFilesExist.test_description_exists(): OK
bakery_lint.tests.downstream.test_check_text_files_exist.CheckTextFilesExist.test_fontlogtxt_exists(): OK
bakery_lint.tests.downstream.test_check_text_files_exist.CheckTextFilesExist.test_licensetxt_exists(): FAIL
bakery_lint.tests.downstream.test_check_subsets_exists.CheckSubsetsExist.test_check_subsets_exists(): OK
bakery_lint.tests.downstream.test_check_monospace_agreements.CheckMonospaceAgreement.test_check_monospace_agreement(): OK
bakery_lint.tests.downstream.test_check_metadata_style_matches_names.CheckItalicStyleMatchesMacStyle.test_check_italic_style_matches_names(): FAIL
bakery_lint.tests.downstream.test_check_metadata_style_matches_names.CheckNormalStyleMatchesMacStyle.test_check_normal_style_matches_names(): OK
bakery_lint.tests.downstream.test_check_metadata_matches_nametable.CheckMetadataMatchesNameTable.test_check_metadata_matches_nametable(): FAIL
bakery_lint.tests.downstream.test_check_metadata_fields.CheckMetadataFields.test_check_metadata_fields(): OK
bakery_lint.tests.downstream.test_check_menu_contains_proper_glyphs.CheckMenuSubsetContainsProperGlyphs.test_check_menu_contains_proper_glyphs(): FAIL
bakery_lint.tests.downstream.test_check_glyph_consistency.CheckGlyphConsistencyInFamily.test_the_same_encodings_of_glyphs_across_family(): OK
bakery_lint.tests.downstream.test_check_glyph_consistency.CheckGlyphConsistencyInFamily.test_the_same_names_of_glyphs_across_family(): OK
bakery_lint.tests.downstream.test_check_glyph_consistency.CheckGlyphConsistencyInFamily.test_the_same_number_of_glyphs_across_family(): OK
bakery_lint.tests.downstream.test_check_font_name_not_in_camelcase.CheckFontNameNotInCamelCase.test_fontname_not_in_camel_case(): OK
bakery_lint.tests.downstream.test_check_files_menu_agreements.CheckFontsMenuAgreements.test_menu_file_agreement(): OK
bakery_lint.tests.downstream.test_check_familyname_matches_fontnames.CheckFamilyNameMatchesFontNames.test_check_familyname_matches_fontnames(): OK
bakery_lint.tests.downstream.test_check_canonical_weights.CheckCanonicalWeights.test_check_canonical_weights(): OK
bakery_lint.tests.downstream.test_check_canonical_weights.CheckPostScriptNameMatchesWeight.test_postscriptname_contains_correct_weight(): FAIL
bakery_lint.tests.downstream.test_check_canonical_weights.CheckFontWeightSameAsInMetadata.test_font_weight_same_as_in_metadata(): OK
bakery_lint.tests.downstream.test_check_canonical_weights.CheckFullNameEqualCanonicalName.test_metadata_contains_current_font(): OK
bakery_lint.tests.downstream.test_check_canonical_styles.CheckCanonicalStyles.test_check_canonical_styles(): OK
bakery_lint.tests.downstream.test_check_canonical_filenames.CheckCanonicalFilenames.test_check_canonical_filenames(): OK
{
  "name": "Amaranth", 
  "designer": "Gesine Todt", 
  "license": "OFL", 
  "visibility": "External", 
  "category": "Sans Serif", 
  "size": 41181, 
  "fonts": [
    {
      "name": "Amaranth", 
      "postScriptName": "Amaranth-Regular", 
      "fullName": "Amaranth Regular", 
      "style": "normal", 
      "weight": 400, 
      "filename": "Amaranth-Regular.ttf", 
      "copyright": "Copyright (c) 2011 by Gesine Todt. All rights reserved."
    }, 
    {
      "name": "Amaranth", 
      "postScriptName": "Amaranth-BoldItalic", 
      "fullName": "Amaranth Bold Italic", 
      "style": "normal", 
      "weight": 700, 
      "filename": "Amaranth-BoldItalic.ttf", 
      "copyright": "Copyright (c) 2011 by Gesine Todt. All rights reserved."
    }, 
    {
      "name": "Amaranth", 
      "postScriptName": "Amaranth-Bold", 
      "fullName": "Amaranth Bold", 
      "style": "normal", 
      "weight": 700, 
      "filename": "Amaranth-Bold.ttf", 
      "copyright": "Copyright (c) 2011 by Gesine Todt. All rights reserved."
    }, 
    {
      "name": "Amaranth", 
      "postScriptName": "Amaranth-Italic", 
      "fullName": "Amaranth Italic", 
      "style": "normal", 
      "weight": 400, 
      "filename": "Amaranth-Italic.ttf", 
      "copyright": "Copyright (c) 2011 by Gesine Todt. All rights reserved."
    }
  ], 
  "subsets": [
    "latin", 
    "menu"
  ], 
  "dateAdded": "2011-05-04"
}
